Archive member included because of file (symbol)

c:/program files (x86)/analog devices/gnu toolchain/2011r1/elf/bin/../lib/gcc/bfin-elf/4.3.5/../../../../bfin-elf/lib\libm.a(lib_a-s_atan.o)
                              picoc/clibrary.o (atan)
c:/program files (x86)/analog devices/gnu toolchain/2011r1/elf/bin/../lib/gcc/bfin-elf/4.3.5/../../../../bfin-elf/lib\libm.a(lib_a-s_ceil.o)
                              picoc/clibrary.o (ceil)
c:/program files (x86)/analog devices/gnu toolchain/2011r1/elf/bin/../lib/gcc/bfin-elf/4.3.5/../../../../bfin-elf/lib\libm.a(lib_a-s_cos.o)
                              picoc/clibrary.o (cos)
c:/program files (x86)/analog devices/gnu toolchain/2011r1/elf/bin/../lib/gcc/bfin-elf/4.3.5/../../../../bfin-elf/lib\libm.a(lib_a-s_fabs.o)
                              c:/program files (x86)/analog devices/gnu toolchain/2011r1/elf/bin/../lib/gcc/bfin-elf/4.3.5/../../../../bfin-elf/lib\libm.a(lib_a-s_atan.o) (fabs)
c:/program files (x86)/analog devices/gnu toolchain/2011r1/elf/bin/../lib/gcc/bfin-elf/4.3.5/../../../../bfin-elf/lib\libm.a(lib_a-s_floor.o)
                              picoc/clibrary.o (floor)
c:/program files (x86)/analog devices/gnu toolchain/2011r1/elf/bin/../lib/gcc/bfin-elf/4.3.5/../../../../bfin-elf/lib\libm.a(lib_a-s_sin.o)
                              picoc/clibrary.o (sin)
c:/program files (x86)/analog devices/gnu toolchain/2011r1/elf/bin/../lib/gcc/bfin-elf/4.3.5/../../../../bfin-elf/lib\libm.a(lib_a-s_tan.o)
                              picoc/clibrary.o (tan)
c:/program files (x86)/analog devices/gnu toolchain/2011r1/elf/bin/../lib/gcc/bfin-elf/4.3.5/../../../../bfin-elf/lib\libm.a(lib_a-s_tanh.o)
                              picoc/clibrary.o (tanh)
c:/program files (x86)/analog devices/gnu toolchain/2011r1/elf/bin/../lib/gcc/bfin-elf/4.3.5/../../../../bfin-elf/lib\libm.a(lib_a-w_acos.o)
                              picoc/clibrary.o (acos)
c:/program files (x86)/analog devices/gnu toolchain/2011r1/elf/bin/../lib/gcc/bfin-elf/4.3.5/../../../../bfin-elf/lib\libm.a(lib_a-w_asin.o)
                              picoc/clibrary.o (asin)
c:/program files (x86)/analog devices/gnu toolchain/2011r1/elf/bin/../lib/gcc/bfin-elf/4.3.5/../../../../bfin-elf/lib\libm.a(lib_a-w_cosh.o)
                              picoc/clibrary.o (cosh)
c:/program files (x86)/analog devices/gnu toolchain/2011r1/elf/bin/../lib/gcc/bfin-elf/4.3.5/../../../../bfin-elf/lib\libm.a(lib_a-w_exp.o)
                              picoc/clibrary.o (exp)
c:/program files (x86)/analog devices/gnu toolchain/2011r1/elf/bin/../lib/gcc/bfin-elf/4.3.5/../../../../bfin-elf/lib\libm.a(lib_a-w_log.o)
                              picoc/clibrary.o (log)
c:/program files (x86)/analog devices/gnu toolchain/2011r1/elf/bin/../lib/gcc/bfin-elf/4.3.5/../../../../bfin-elf/lib\libm.a(lib_a-w_log10.o)
                              picoc/clibrary.o (log10)
c:/program files (x86)/analog devices/gnu toolchain/2011r1/elf/bin/../lib/gcc/bfin-elf/4.3.5/../../../../bfin-elf/lib\libm.a(lib_a-w_pow.o)
                              picoc/lex.o (pow)
c:/program files (x86)/analog devices/gnu toolchain/2011r1/elf/bin/../lib/gcc/bfin-elf/4.3.5/../../../../bfin-elf/lib\libm.a(lib_a-w_sinh.o)
                              picoc/clibrary.o (sinh)
c:/program files (x86)/analog devices/gnu toolchain/2011r1/elf/bin/../lib/gcc/bfin-elf/4.3.5/../../../../bfin-elf/lib\libm.a(lib_a-w_sqrt.o)
                              picoc/clibrary.o (sqrt)
c:/program files (x86)/analog devices/gnu toolchain/2011r1/elf/bin/../lib/gcc/bfin-elf/4.3.5/../../../../bfin-elf/lib\libm.a(lib_a-e_acos.o)
                              c:/program files (x86)/analog devices/gnu toolchain/2011r1/elf/bin/../lib/gcc/bfin-elf/4.3.5/../../../../bfin-elf/lib\libm.a(lib_a-w_acos.o) (__ieee754_acos)
c:/program files (x86)/analog devices/gnu toolchain/2011r1/elf/bin/../lib/gcc/bfin-elf/4.3.5/../../../../bfin-elf/lib\libm.a(lib_a-e_asin.o)
                              c:/program files (x86)/analog devices/gnu toolchain/2011r1/elf/bin/../lib/gcc/bfin-elf/4.3.5/../../../../bfin-elf/lib\libm.a(lib_a-w_asin.o) (__ieee754_asin)
c:/program files (x86)/analog devices/gnu toolchain/2011r1/elf/bin/../lib/gcc/bfin-elf/4.3.5/../../../../bfin-elf/lib\libm.a(lib_a-e_cosh.o)
                              c:/program files (x86)/analog devices/gnu toolchain/2011r1/elf/bin/../lib/gcc/bfin-elf/4.3.5/../../../../bfin-elf/lib\libm.a(lib_a-w_cosh.o) (__ieee754_cosh)
c:/program files (x86)/analog devices/gnu toolchain/2011r1/elf/bin/../lib/gcc/bfin-elf/4.3.5/../../../../bfin-elf/lib\libm.a(lib_a-e_exp.o)
                              c:/program files (x86)/analog devices/gnu toolchain/2011r1/elf/bin/../lib/gcc/bfin-elf/4.3.5/../../../../bfin-elf/lib\libm.a(lib_a-w_exp.o) (__ieee754_exp)
c:/program files (x86)/analog devices/gnu toolchain/2011r1/elf/bin/../lib/gcc/bfin-elf/4.3.5/../../../../bfin-elf/lib\libm.a(lib_a-e_log.o)
[...]
Memory Configuration

Name             Origin             Length             Attributes
MEM_L1_DATA_A    0xff800000         0x00004000
MEM_L1_DCACHE_A  0xff804000         0x00004000
MEM_L1_DATA_B    0xff900000         0x00004000
MEM_L1_DCACHE_B  0xff904000         0x00004000
MEM_L1_CODE      0xffa00000         0x0000c000
MEM_L1_ICACHE    0xffa10000         0x00004000
MEM_L1_SCRATCH   0xffb00000         0x00001000
MEM_SDRAM_CODE   0x00000000         0x00100000
MEM_SDRAM_DATA   0x00100000         0x00100000
MEM_SDRAM_HEAP   0x00200000         0x00100000
*default*        0x00000000         0xffffffff

Linker script and memory map

LOAD c:/program files (x86)/analog devices/gnu toolchain/2011r1/elf/bin/../lib/gcc/bfin-elf/4.3.5/../../../../bfin-elf/lib/basiccrt.o
LOAD c:/program files (x86)/analog devices/gnu toolchain/2011r1/elf/bin/../lib/gcc/bfin-elf/4.3.5/crti.o
LOAD c:/program files (x86)/analog devices/gnu toolchain/2011r1/elf/bin/../lib/gcc/bfin-elf/4.3.5/crtbegin.o
LOAD c:/program files (x86)/analog devices/gnu toolchain/2011r1/elf/bin/../lib/gcc/bfin-elf/4.3.5/crtlibid.o
LOAD main.o
LOAD init.o
LOAD rcm-bfin.o
LOAD intuart.o
LOAD camera.o
LOAD jpeg.o
LOAD i2c.o
LOAD stm_m25p32.o
LOAD httpd.o
LOAD xmodem.o
LOAD colors.o
LOAD edit.o
LOAD myfunc.o
LOAD neural.o
LOAD gps.o
LOAD sdcard.o
LOAD hokuyo.o
LOAD picoc/picoc.o
LOAD picoc/table.o
LOAD picoc/lex.o
LOAD picoc/parse.o
LOAD picoc/expression.o
LOAD picoc/heap.o
LOAD picoc/type.o
LOAD picoc/variable.o
LOAD picoc/clibrary.o
LOAD picoc/debug.o
LOAD picoc/platform/library_surveyor.o
LOAD picoc/platform.o
LOAD picoc/platform/platform_surveyor.o
LOAD picoc/include.o
LOAD interrupts.o
LOAD sysinit.o
LOAD system.o
LOAD r8x8dct.o
LOAD motionvect.o
LOAD cache.o
LOAD basiccrt.o
LOAD options.o
LOAD streaming.o
LOAD c:/program files (x86)/analog devices/gnu toolchain/2011r1/elf/bin/../lib/gcc/bfin-elf/4.3.5/../../../../bfin-elf/lib\libm.a
LOAD c:/program files (x86)/analog devices/gnu toolchain/2011r1/elf/bin/../lib/gcc/bfin-elf/4.3.5\libgcc.a
START GROUP
LOAD c:/program files (x86)/analog devices/gnu toolchain/2011r1/elf/bin/../lib/gcc/bfin-elf/4.3.5/../../../../bfin-elf/lib\libc.a
LOAD c:/program files (x86)/analog devices/gnu toolchain/2011r1/elf/bin/../lib/gcc/bfin-elf/4.3.5/../../../../bfin-elf/lib\libbfinbsp.a
LOAD c:/program files (x86)/analog devices/gnu toolchain/2011r1/elf/bin/../lib/gcc/bfin-elf/4.3.5/../../../../bfin-elf/lib\libnosys.a
END GROUP
LOAD c:/program files (x86)/analog devices/gnu toolchain/2011r1/elf/bin/../lib/gcc/bfin-elf/4.3.5\libgcc.a
LOAD c:/program files (x86)/analog devices/gnu toolchain/2011r1/elf/bin/../lib/gcc/bfin-elf/4.3.5/crtend.o
LOAD c:/program files (x86)/analog devices/gnu toolchain/2011r1/elf/bin/../lib/gcc/bfin-elf/4.3.5/crtn.o

.l1code         0xffa00000      0x238
 basiccrt.o(.text)
 .text          0xffa00000      0x168 basiccrt.o
                0xffa00000                start
 *(.l1code)
 .l1code        0xffa00168       0xd0 rcm-bfin.o
                0xffa00168                reset_cpu

.sdram.text     0x00000000      0xea0
 main.o(.text)
 .text          0x00000000      0xea0 main.o
                0x00000000                ProcessPriorityCommand
                0x00000030                MainLoop
                0x00000d80                main

.sdram.bss      0x00100000        0x0
                0x00100000                __sdram_bss_start = .
 *(.bss.sdram)
 neural.o(.bss)
                0x00100000                . = ALIGN (0x4)
                0x00100000                __sdram_bss_end = .

.text           0x00000ea0    0x2ff28
 *(.text .text.*)
 .text          0x00000ea0       0xd8 c:/program files (x86)/analog devices/gnu toolchain/2011r1/elf/bin/../lib/gcc/bfin-elf/4.3.5/crtbegin.o
 .text          0x00000f78     0x5698 rcm-bfin.o
                0x00000f78                CopyPicoCOut
                0x000010f0                CopyPicoCBack
                0x000011b0                init_io
                0x000012e8                stack_remaining
                0x000012fc                init_sonar
                0x00001370                grab_reference_frame
                0x000013c8                compute_frame_diff
                0x00001434                set_caption
                0x000014dc                move_image
                0x00001510                move_inverted
                0x00001568                copy_image
                0x0000158c                move_yuv422_to_planar
                0x000015d8                scale_image_to_80x64_planar
                0x00001700                i2c_write_filter
                0x0000188c                initPWM
                0x000018f8                initPWM2
                0x00001950                initTMR4
                0x00001998                initPPM1
                0x000019f4                initPPM2
                0x00001a50                setPWM
                0x00001b10                setPWM2
                0x00001b80                setPPM1
                0x00001c0c                motor_trim_right
                0x00001c78                motor_trim_left
                0x00001ce4                setPPM2
                0x00001d70                check_bounds_0_100
                0x00001d98                initRTC
                0x00001dc0                readRTC
                0x00001e1c                sonar
                0x00001fa0                clearRTC
                0x00001fb8                delayMS
                0x00001fe8                motor_set
                0x00002104                delayUS
                0x0000216c                i2c_targeted_delay
                0x000021b4                delayNS
                0x00002220                reset_failsafe_clock
                0x00002238                check_failsafe
                0x000022c0                init_encoders
                0x00002338                encoders
                0x000024a0                PrintUnknownCommand
                0x000024cc                read_encoders
                0x000024f8                disable_failsafe
                0x00002518                motor_action
                0x0000255c                motor_decrease_base_speed
                0x000025f0                motor_increase_base_speed
                0x00002684                overlay_off
                0x000026a4                overlay_on
                0x000026c4                disable_frame_diff
                0x00002718                enable_obstacle_detect
                0x00002748                enable_horizon_detect
                0x00002778                enable_edge_detect
                0x000027a8                enable_segmentation
                0x000027c8                enable_frame_diff
                0x00002834                ping_sonar
                0x00002864                lasers_off
                0x0000288c                lasers_on
                0x000028b4                serial_out_time
                0x000028d0                show_stack_ptr
                0x000028e8                PrintP
                0x00002910                ProcessPipeTest
                0x00002968                intfromfourchars
                0x000029bc                intfromthreechars
                0x000029f8                enable_failsafe
                0x00002a48                ppm2_command
                0x00002af8                ppm1_command
                0x00002ba4                motor2_command
                0x00002c90                motor_command
                0x00002d38                PicoCSetPrintfBuffer
                0x00002d74                change_image_quality
                0x00002dc0                set_edge_thresh
                0x00002df0                ReadPicoCProgram
                0x00002f14                clear_flash_buffer
                0x00002f50                check_battery
                0x00002f84                show_heap_ptr
                0x00002f98                PrintMemCpy
                0x00002ff4                CheckForRCMBFINCommand
                0x0000303c                testSD
                0x00003084                encoder_4wd
                0x00003154                read_encoder_4wd
                0x00003180                analog_4wd
                0x00003250                read_analog_4wd
                0x0000327c                process_neuralnet
                0x000035d0                process_autoinc_i2c
                0x000037e4                restore_video
                0x00003830                invert_video
                0x00003878                laser_range
                0x00003d9c                show_laser_range
                0x00003db8                show_compass2x
                0x00003e3c                analog
                0x00003f6c                read_analog
                0x00003fa8                init_tilt
                0x00003fe4                tilt
                0x00004070                read_tilt
                0x0000409c                process_i2c
                0x00004488                processPicoCMemory
                0x00004818                write_boot_flash
                0x0000486c                write_double_sector
                0x000048ec                write_user_sector
                0x0000494c                write_user_flash
                0x00004978                clear_sdram
                0x00004990                read_double_sector
                0x00004a18                read_user_sector
                0x00004a80                read_user_flash
                0x00004ab8                crc_flash_buffer
                0x00004adc                launch_editor
                0x00004aec                xmodem_receive
                0x00004b44                camera_reset
                0x00004d28                camera_setup
                0x00004e18                send_80x64planar
                0x00004eac                serial_out_httpbuffer
                0x00004f24                serial_out_flashbuffer
                0x00004fa0                send_frame
                0x00005504                serial_out_version_no_packet
                0x00005578                motion_vect80x64
                0x00005710                motion_vect_test
                0x00005830                grab_frame
                0x00005a78                process_colors
                0x0000620c                enable_blob_display
                0x00006258                read_compass3x
                0x00006470                show_compass3x
                0x000064d8                check_for_autorun
                0x00006598                serial_out_version
 .text          0x00006610     0x19bc intuart.o
                0x00006610                init_uart0
                0x0000670c                init_uart1
                0x00006770                FlushAllTXBuffers
                0x000067e0                uart0Signal
                0x000067f8                uart1SendChar
                0x00006828                uart1SendString
                0x00006868                uart1SendChars
                0x000068a4                uart1GetCh
                0x000068d0                uart1GetChar
                0x00006904                uart1Signal
                0x000069e0                RXAltBufPull
                0x00006a34                uart0TurnOnInterrupts
                0x00006ad4                uart0TurnOffInterrupts
                0x00006af0                uart0GetBufferCharWait
                0x00006b40                uart0GetCh
                0x00006b8c                UART_gets
                0x00006be4                uart0GetBufferCharNoWait
                0x00006c08                uart0GetChar
                0x00006c50                TXSendNextByte
                0x00006ca0                _read
                0x00006cb0                _fstat
                0x00006cc4                _lseek
                0x00006cd4                isatty
                0x00006ce4                _isatty
                0x00006cf4                waituntilNS
                0x00006d3c                suartInit
                0x00006d94                suartPutChar
                0x00006ec4                ReadBufferStates
                0x00006f28                GetPacketCommand
                0x00006f88                suartGetChar
                0x000070cc                _close
                0x000070e4                _open
                0x00007614                uart0_ISR
                0x00007a0c                uart0SendChar
                0x00007afc                uart0SendChars
                0x00007b24                uart0SendString
                0x00007c18                PacketEnd
                0x00007de8                PacketBegin
                0x00007e7c                _write
                0x00007ecc                SendPacket
                0x00007f38                SendErrorPacket
                0x00007f64                ReceiveEnd
                0x00007f98                ReceiveBegin
 .text          0x00007fcc      0x108 camera.o
                0x00007fcc                camera_init
                0x0000807c                camera_start
                0x000080a8                camera_stop
 .text          0x000080d4      0xf5c jpeg.o
                0x000080d4                initialization
                0x000081b0                levelshift
                0x000081d8                huffman
                0x00008664                close_bitstream
                0x000086e4                write_markers
                0x00008900                initialize_quantization_tables
                0x000089f0                quantization
                0x00008a40                read_400_format
                0x00008afc                read_422_format
                0x00008d28                DCT
                0x00008d44                encodeMCU
                0x00008f44                encode_image
 .text          0x00009030      0x864 i2c.o
                0x00009030                InitI2C
                0x0000912c                i2cslowread
                0x00009270                i2cwritexSingle
                0x00009338                i2cwritex
                0x00009370                i2cwriteSingle
                0x00009458                i2cwrite
                0x00009490                i2c_read_timed2
                0x00009604                i2c_read_timed
                0x0000974c                i2creadSingle
                0x0000985c                i2cread
 .text          0x00009894      0xa88 stm_m25p32.o
                0x00009894                spi_init_f
                0x000098a4                spi_init_r
                0x000098b4                Wait_For_SPIF
                0x0000990c                GetSectorNumber
                0x00009930                udelay
                0x00009974                SPI_OFF
                0x00009998                SetupSPI
                0x000099d0                ReadData
                0x00009ba0                spi_read
                0x00009bbc                ReadStatusRegister
                0x00009ca8                Wait_For_Status
                0x00009ce0                Wait_For_WEL
                0x00009d14                SendSingleCommand
                0x00009db0                WriteFlash
                0x00009ffc                WriteData
                0x0000a048                EraseBlock
                0x0000a218                spi_write
 .text          0x0000a31c     0x1ba0 httpd.o
                0x0000a31c                clean_buffer
                0x0000a4e8                adminBodyBuilder
                0x0000a5ac                httpd_request
 .text          0x0000bebc      0x63c xmodem.o
                0x0000bebc                crc16_ccitt
                0x0000c038                _inbyte
                0x0000c088                xmodemTransmit
                0x0000c2e4                xmodemReceive
 .text          0x0000c4f8     0x12c0 colors.o
                0x0000c4f8                init_colors
                0x0000c554                vpix
                0x0000c590                vblob
                0x0000c9f8                vhist
                0x0000cad4                vmean
                0x0000cba8                color_segment
                0x0000cd78                vfind
                0x0000ce88                edge_detect
                0x0000d080                svs_segcode
                0x0000d240                vhorizon
                0x0000d474                vscan
                0x0000d520                svs_segview
                0x0000d5bc                addvect
                0x0000d64c                addline
                0x0000d6e8                addbox
 .text          0x0000d7b8      0x4c4 edit.o
                0x0000d7b8                delete_char
                0x0000d80c                find_next_line
                0x0000d85c                find_previous_line
                0x0000d8b8                find_buffer_end
                0x0000d8fc                print_lines
                0x0000d9b0                insert_char
                0x0000da20                print_help
                0x0000da40                edit
 .text          0x0000dc7c       0x28 myfunc.o
                0x0000dc7c                myfunc
 .text          0x0000dca4      0x5b4 neural.o
                0x0000dca4                nnset_pattern
                0x0000dd30                f_logic
                0x0000dd94                nncalculate_network
                0x0000de7c                nncalculate_errors
                0x0000df24                nnscale8x8
                0x0000e01c                nnpack8x8
                0x0000e088                nndisplay
                0x0000e108                nninit_pattern
                0x0000e138                nntrain_network
                0x0000e210                nninit_network
 .text          0x0000e258      0xdfc gps.o
                0x0000e258                GPSsin
                0x0000e318                GPScos
                0x0000e3d0                GPStan
                0x0000e4e4                GPSasin
                0x0000e564                GPSacos
                0x0000e5ec                GPSatan
                0x0000e688                GPSisqrt
                0x0000e6bc                gps_head
                0x0000e748                gps_dist
                0x0000e848                read_ublox
                0x0000e894                gps_parse
                0x0000efac                gps_show
 .text          0x0000f054     0x103c sdcard.o
                0x0000f054                InitSD
                0x0000f0a0                CloseSD
                0x0000f0b8                WriteByte
                0x0000f118                SendCommand
                0x0000f448                GetToken
                0x0000f4d4                CardInit
                0x0000f528                GetCardParams
                0x0000f858                EraseBlocks
                0x0000f8fc                WriteSector
                0x0000fb40                ReadSector
                0x0000fcd8                ReadMultipleBlocks
                0x0000fe80                WriteMultipleBlocks
 .text          0x00010090      0x9bc hokuyo.o
                0x00010090                hokuyo_convert
                0x000100b0                HokuyoCalibrateEnd
                0x000100d4                HokuyoCalibrateStart
                0x000100f8                HokuyoSetVariation
                0x00010204                HokuyoSetDeviation
                0x00010310                HokuyoCompassEEPROMClear
                0x00010358                hokuyo_print
                0x00010608                hokuyo_process
                0x0001073c                hokuyo_receive
                0x000107d4                hmc6343_read
                0x00010874                processHokuyo
                0x000109a0                HokuyoPringHeading
                0x000109bc                HokuyoPrintEEPROM
 .text          0x00010a4c       0xcc picoc/picoc.o
                0x00010a4c                picoc
 .text          0x00010b18      0x2d8 picoc/table.o
                0x00010b18                TableGet
                0x00010b84                TableStrFree
                0x00010bc8                TableDelete
                0x00010c20                TableSetIdentifier
                0x00010ce4                TableStrRegister2
                0x00010d00                TableStrRegister
                0x00010d1c                TableSet
                0x00010d8c                TableInitTable
                0x00010da8                TableInit
 .text          0x00010df0     0x1954 picoc/lex.o
                0x00010df0                LexCheckReservedWord
                0x00010e2c                LexUnEscapeCharacterConstant
                0x00010eec                LexUnEscapeCharacter
                0x00011064                LexSkipComment
                0x00011114                LexTokenSize
                0x00011150                LexInitParser
                0x00011188                LexRawPeekToken
                0x00011198                LexInteractiveStatementPrompt
                0x000111b0                LexInteractiveCompleted
                0x00011218                LexInteractiveClear
                0x00011264                LexCleanup
                0x00011274                LexCopyTokens
                0x000113fc                LexHashEndif
                0x00011438                LexHashElse
                0x0001148c                LexGetCharacterConstant
                0x000114e4                LexGetWord
                0x000115c8                LexGetStringConstant
                0x0001173c                LexGetNumber
                0x00011b2c                LexScanGetToken
                0x0001200c                LexTokenise
                0x0001210c                LexAnalyse
                0x00012140                LexGetRawToken
                0x000124a8                LexToEndOfLine
                0x000124dc                LexHashIf
                0x000125ac                LexHashIfdef
                0x0001262c                LexHashIncPos
                0x00012644                LexGetToken
                0x00012718                LexInit
 .text          0x00012744     0x1304 picoc/parse.o
                0x00012744                ParserCopyPos
                0x00012768                ParseCleanup
                0x000127ac                ParseCountParams
                0x00012800                ParseTypedef
                0x00012844                ParserCopy
                0x00012864                ParseMacroDefinition
                0x000129f4                ParseDeclarationAssignment
                0x00012b6c                ParseFunctionDefinition
                0x00012ec4                ParseDeclaration
                0x00013034                ParseStatement
                0x00013640                PicocParseInteractiveNoStartPrompt
                0x000136bc                PicocParseInteractive
                0x000136d8                PicocParse
                0x00013788                ParseBlock
                0x00013818                ParseStatementMaybeRun
                0x00013850                ParseFor
 .text          0x00013a48     0x1e8c picoc/expression.o
                0x00013a48                debugf
                0x00013a58                ExpressionCoerceInteger
                0x00013ab8                ExpressionCoerceUnsignedInteger
                0x00013b18                ExpressionCoerceFP
                0x00013b94                ExpressionAssignFP
                0x00013bd0                ExpressionAssignInt
                0x00013c4c                ExpressionStackPushOperator
                0x00013c7c                ExpressionStackPushValueNode
                0x00013ca0                ExpressionGetStructElement
                0x00013dfc                ExpressionPushFP
                0x00013e4c                ExpressionPushInt
                0x00013e94                ExpressionStackPushDereference
                0x00013f04                ExpressionStackPushValueByType
                0x00013f40                ExpressionPostfixOperator
                0x0001408c                ExpressionPrefixOperator
                0x000142c0                ExpressionAssignToPointer
                0x000143c0                ExpressionAssign
                0x000145d8                ExpressionStackPushLValue
                0x00014610                ExpressionStackPushValue
                0x00014640                ExpressionColonOperator
                0x00014668                ExpressionQuestionMarkOperator
                0x000146c0                ExpressionInfixOperator
                0x00014cac                ExpressionStackCollapse
                0x00014e38                ExpressionParse
                0x0001540c                ExpressionParseInt
                0x00015488                ExpressionParseMacroCall
                0x00015624                ExpressionParseFunctionCall
 .text          0x000158d4      0x4cc picoc/heap.o
                0x000158d4                HeapInit
                0x0001592c                HeapCleanup
                0x0001593c                HeapUnpopStack
                0x0001595c                HeapPushStackFrame
                0x00015984                HeapPopStackFrame
                0x000159b0                HeapFreeMem
                0x00015af4                HeapPopStack
                0x00015b54                HeapAllocMem
                0x00015d58                HeapAllocStack
 .text          0x00015da0      0xc9c picoc/type.o
                0x00015da0                TypeStackSizeValue
                0x00015dfc                TypeSizeValue
                0x00015e40                TypeSize
                0x00015e7c                TypeAddBaseType
                0x00015ebc                TypeAdd
                0x00015f04                TypeInit
                0x0001614c                TypeGetMatching
                0x000161fc                TypeParseBack
                0x00016298                TypeParseEnum
                0x0001640c                TypeCreateOpaqueStruct
                0x0001646c                TypeParseStruct
                0x000166b4                TypeParseFront
                0x00016884                TypeParse
                0x000168b4                TypeParseIdentPart
                0x000169e4                TypeCleanupNode
                0x00016a28                TypeCleanup
 .text          0x00016a3c      0x830 picoc/variable.o
                0x00016a3c                VariableDereferencePointer
                0x00016a84                VariableStringLiteralDefine
                0x00016aa8                VariableStringLiteralGet
                0x00016ad4                VariableDefined
                0x00016b3c                VariableGet
                0x00016ba4                VariableStackFramePop
                0x00016be4                VariableStackFrameAdd
                0x00016c5c                VariableInit
                0x00016cac                VariableFree
                0x00016d0c                VariableTableCleanup
                0x00016d58                VariableCleanup
                0x00016d78                VariableStackPop
                0x00016ddc                VariableAlloc
                0x00016e18                VariableAllocValueFromExistingData
                0x00016e50                VariableAllocValueShared
                0x00016e78                VariableAllocValueAndData
                0x00016eb0                VariableDefinePlatformVar
                0x00016f44                VariableAllocValueAndCopy
                0x00016fc0                VariableAllocValueFromType
                0x00017028                VariableDefine
                0x000170e0                VariableDefineButIgnoreIdentical
 .text          0x0001726c     0x10d4 picoc/clibrary.o
                0x0001726c                BasicIOInit
                0x00017294                SPutc
                0x000172a8                PrintCh
                0x000172bc                PrintStr
                0x000172f0                PrintRepeatedChar
                0x0001731c                PrintUnsigned
                0x000173e0                PrintInt
                0x00017428                PrintSimpleInt
                0x00017440                PrintType
                0x000175cc                LibFabs
                0x000175ec                LibStrcpy
                0x00017620                LibStrncpy
                0x00017680                LibStrcmp
                0x000176f0                LibStrncmp
                0x00017788                LibStrcat
                0x000177cc                LibIndex
                0x00017818                LibRindex
                0x0001785c                LibStrlen
                0x0001788c                LibMemcmp
                0x00017910                LibMemcpy
                0x00017930                LibMemset
                0x00017950                LibFree
                0x00017964                LibRealloc
                0x0001798c                LibCalloc
                0x000179b4                LibMalloc
                0x000179d4                LibFloor
                0x000179f8                LibRound
                0x00017a2c                LibCeil
                0x00017a50                LibSqrt
                0x00017a74                LibPow
                0x00017aa4                LibLog10
                0x00017ac8                PrintFP
                0x00017ccc                LibLog
                0x00017cf0                LibExp
                0x00017d14                LibTanh
                0x00017d38                LibCosh
                0x00017d5c                LibSinh
                0x00017d80                LibAtan
                0x00017da4                LibAcos
                0x00017dc8                LibAsin
                0x00017dec                LibTan
                0x00017e10                LibCos
                0x00017e34                LibSin
                0x00017e58                LibExit
                0x00017e6c                LibGetc
                0x00017e84                LibGets
                0x00017ecc                GenericPrintf
                0x0001813c                LibSPrintf
                0x00018188                LibPrintf
                0x000181ac                CLibraryInit
                0x00018210                LibraryInit
                0x000182a8                LibraryAdd
 .text          0x00018340      0x22c picoc/debug.o
                0x00018340                DebugStep
                0x00018350                DebugCheckStatement
                0x000183e0                DebugClearBreakpoint
                0x00018460                DebugCleanup
                0x000184a8                DebugSetBreakpoint
                0x0001853c                DebugInit
 .text          0x0001856c     0x1920 picoc/platform/library_surveyor.o
                0x0001856c                Ciodir
                0x000185a4                Cioread
                0x000185c4                Ciowrite
                0x000185ec                Cpeek
                0x00018654                Cpoke
                0x000186a4                Claser
                0x000186fc                Cbattery
                0x0001872c                Cvcolor
                0x000187b0                Cvdiff
                0x000187cc                Ccompassxcal
                0x00018828                Cabs
                0x00018844                Clineno
                0x00018858                Cpause
                0x00018870                Cerrormsg
                0x00018894                Ctime
                0x000188ac                Cautorun
                0x00018914                Cnnset
                0x00018960                Cnnlearnblob
                0x00018a0c                Cnnshow
                0x00018a3c                Cnnmatchblob
                0x00018b30                Cnntest
                0x00018bc0                Cnntrain
                0x00018c28                Cnninit
                0x00018c34                Csqrt
                0x00018c54                Cgps_dist
                0x00018c88                Cgps_head
                0x00018cbc                Catan
                0x00018ce4                Cacos
                0x00018d20                Casin
                0x00018d5c                Ctan
                0x00018d7c                Ccos
                0x00018d9c                Csin
                0x00018dbc                Cwritei2c2
                0x00018dfc                Cwritei2c
                0x00018e30                Creadi2c2
                0x00018e88                Creadi2c
                0x00018ed8                Cgps
                0x00018f38                Canalogx
                0x00018f6c                Canalog
                0x00018fec                Ctilt
                0x00019024                Ccompassx
                0x0001909c                Ccompass
                0x0001911c                Cvsend
                0x000191e4                Coutput
                0x00019264                Cvjpeg
                0x000192c8                Cvblob
                0x000193bc                Cvmean
                0x000193fc                Cvscan
                0x0001946c                Cvpix
                0x000194b8                Cvrcap
                0x000194c4                Cvcap
                0x000194d0                Cvfind
                0x00019514                Cvcam
                0x00019558                Crange
                0x00019574                Csonar
                0x000195c0                Cservos2
                0x00019638                Cservos
                0x000196b0                Cinit_uart1
                0x000196c4                Coutput1
                0x000196d8                Cmotorx
                0x00019798                Cmotors2
                0x00019838                Cmotors
                0x000198d8                Cencoderx
                0x0001990c                Cencoders
                0x00019934                Crand
                0x0001995c                Cdelay
                0x00019998                Cread_str
                0x000199ec                Cread_int
                0x00019a30                Cinput
                0x00019a4c                Cinput1
                0x00019a68                Csignal1
                0x00019a84                Csignal
                0x00019aa0                PlatformLibraryInit
 .text          0x00019e8c      0x3d4 picoc/platform.o
                0x00019e8c                PlatformMakeTempName
                0x00019ecc                PlatformVPrintf
                0x00019f98                PlatformPrintf
                0x00019fb0                PrintSourceTextErrorLine
                0x0001a0c4                PlatformErrorPrefix
                0x0001a0e8                LexFail
                0x0001a128                ProgramFail
                0x0001a15c                AssignFail
                0x0001a1e0                PicocCleanup
                0x0001a208                PicocInitialise
 .text          0x0001a260      0x2b8 picoc/platform/platform_surveyor.o
                0x0001a260                PlatformInit
                0x0001a270                PlatformCleanup
                0x0001a280                PlatformExit
                0x0001a2a4                PlatformGetCharacter
                0x0001a2b4                PlatformPutc
                0x0001a38c                PlatformGetLine
 .text          0x0001a518      0x190 interrupts.o
                0x0001a518                Timer0_ISR
 .text          0x0001a6a8      0x1ac sysinit.o
                0x0001a6a8                init_program_clocks
                0x0001a710                InitTMR0
                0x0001a748                Init_Interrupts
                0x0001a7c4                hardware_error_handler
 .text          0x0001a854      0x1f0 system.o
                0x0001a854                run_leds
                0x0001a880                getUnaligned32
                0x0001a8a8                atoi_b16
                0x0001a8f0                atoi_b10
                0x0001a910                strnstr
                0x0001a970                ctoi
                0x0001a994                _getpid
                0x0001a9a4                hang
                0x0001a9ac                get_seqstat
                0x0001a9bc                _kill
                0x0001a9d4                strReplace
 *fill*         0x0001aa44        0x4 00
 .text          0x0001aa48       0xf0 r8x8dct.o
                0x0001aa48                _r8x8dct
 .text          0x0001ab38      0x950 motionvect.o
                0x0001ab38                _motionvect
                0x0001afa0                hpel
                0x0001b090                _hpel_core1
                0x0001b1b0                _hpel_core2
                0x0001b300                _mve_core
 .text          0x0001b488      0x37c cache.o
                0x0001b488                dcache_reg_set
                0x0001b4b0                icache_reg_set
                0x0001b4d8                icache_setup
                0x0001b520                dcache_setup
                0x0001b568                cache_init
                0x0001b774                dcache_enable
                0x0001b7a8                icache_enable
                0x0001b7d8                cache_status
 .text          0x0001b804       0x4c options.o
                0x0001b804                GetOption
                0x0001b828                SetOption
 .text          0x0001b850      0x884 streaming.o
                0x0001b850                StopAllStreaming
                0x0001b8dc                StreamingTick
                0x0001ba18                StreamingParseHokuyo
                0x0001ba2c                StreamingProcess
                0x0001bd68                StreamingParseDigitalByte
                0x0001be14                StreamingParseDigitalBit
                0x0001bebc                StreamingParseAnalogBit
                0x0001bf4c                StreamingShutdown
                0x0001bf9c                StreamingParsePicoC
 .text          0x0001c0d4      0x430 c:/program files (x86)/analog devices/gnu toolchain/2011r1/elf/bin/../lib/gcc/bfin-elf/4.3.5/../../../../bfin-elf/lib\libm.a(lib_a-s_atan.o)
                0x0001c0d4                atan
 .text          0x0001c504      0x158 c:/program files (x86)/analog devices/gnu toolchain/2011r1/elf/bin/../lib/gcc/bfin-elf/4.3.5/../../../../bfin-elf/lib\libm.a(lib_a-s_ceil.o)
                0x0001c504                ceil
 .text          0x0001c65c       0xd0 c:/program files (x86)/analog devices/gnu toolchain/2011r1/elf/bin/../lib/gcc/bfin-elf/4.3.5/../../../../bfin-elf/lib\libm.a(lib_a-s_cos.o)
                0x0001c65c                cos
 .text          0x0001c72c       0x10 c:/program files (x86)/analog devices/gnu toolchain/2011r1/elf/bin/../lib/gcc/bfin-elf/4.3.5/../../../../bfin-elf/lib\libm.a(lib_a-s_fabs.o)
                0x0001c72c                fabs
 .text          0x0001c73c      0x15c c:/program files (x86)/analog devices/gnu toolchain/2011r1/elf/bin/../lib/gcc/bfin-elf/4.3.5/../../../../bfin-elf/lib\libm.a(lib_a-s_floor.o)
                0x0001c73c                floor
 .text          0x0001c898       0xd4 c:/program files (x86)/analog devices/gnu toolchain/2011r1/elf/bin/../lib/gcc/bfin-elf/4.3.5/../../../../bfin-elf/lib\libm.a(lib_a-s_sin.o)
                0x0001c898                sin
 .text          0x0001c96c       0x78 c:/program files (x86)/analog devices/gnu toolchain/2011r1/elf/bin/../lib/gcc/bfin-elf/4.3.5/../../../../bfin-elf/lib\libm.a(lib_a-s_tan.o)
                0x0001c96c                tan
 .text          0x0001c9e4      0x164 c:/program files (x86)/analog devices/gnu toolchain/2011r1/elf/bin/../lib/gcc/bfin-elf/4.3.5/../../../../bfin-elf/lib\libm.a(lib_a-s_tanh.o)
                0x0001c9e4                tanh
 .text          0x0001cb48       0xc0 c:/program files (x86)/analog devices/gnu toolchain/2011r1/elf/bin/../lib/gcc/bfin-elf/4.3.5/../../../../bfin-elf/lib\libm.a(lib_a-w_acos.o)
                0x0001cb48                acos
 .text          0x0001cc08       0xc0 c:/program files (x86)/analog devices/gnu toolchain/2011r1/elf/bin/../lib/gcc/bfin-elf/4.3.5/../../../../bfin-elf/lib\libm.a(lib_a-w_asin.o)
                0x0001cc08                asin
 .text          0x0001ccc8       0xd8 c:/program files (x86)/analog devices/gnu toolchain/2011r1/elf/bin/../lib/gcc/bfin-elf/4.3.5/../../../../bfin-elf/lib\libm.a(lib_a-w_cosh.o)
                0x0001ccc8                cosh
 .text          0x0001cda0      0x11c c:/program files (x86)/analog devices/gnu toolchain/2011r1/elf/bin/../lib/gcc/bfin-elf/4.3.5/../../../../bfin-elf/lib\libm.a(lib_a-w_exp.o)
                0x0001cda0                exp
 .text          0x0001cebc       0xfc c:/program files (x86)/analog devices/gnu toolchain/2011r1/elf/bin/../lib/gcc/bfin-elf/4.3.5/../../../../bfin-elf/lib\libm.a(lib_a-w_log.o)
                0x0001cebc                log
 .text          0x0001cfb8       0xfc c:/program files (x86)/analog devices/gnu toolchain/2011r1/elf/bin/../lib/gcc/bfin-elf/4.3.5/../../../../bfin-elf/lib\libm.a(lib_a-w_log10.o)
                0x0001cfb8                log10
 .text          0x0001d0b4      0x350 c:/program files (x86)/analog devices/gnu toolchain/2011r1/elf/bin/../lib/gcc/bfin-elf/4.3.5/../../../../bfin-elf/lib\libm.a(lib_a-w_pow.o)
                0x0001d0b4                pow
 .text          0x0001d404       0xf4 c:/program files (x86)/analog devices/gnu toolchain/2011r1/elf/bin/../lib/gcc/bfin-elf/4.3.5/../../../../bfin-elf/lib\libm.a(lib_a-w_sinh.o)
                0x0001d404                sinh
 .text          0x0001d4f8       0xb8 c:/program files (x86)/analog devices/gnu toolchain/2011r1/elf/bin/../lib/gcc/bfin-elf/4.3.5/../../../../bfin-elf/lib\libm.a(lib_a-w_sqrt.o)
                0x0001d4f8                sqrt
 .text          0x0001d5b0      0x618 c:/program files (x86)/analog devices/gnu toolchain/2011r1/elf/bin/../lib/gcc/bfin-elf/4.3.5/../../../../bfin-elf/lib\libm.a(lib_a-e_acos.o)
                0x0001d5b0                __ieee754_acos
 .text          0x0001dbc8      0x598 c:/program files (x86)/analog devices/gnu toolchain/2011r1/elf/bin/../lib/gcc/bfin-elf/4.3.5/../../../../bfin-elf/lib\libm.a(lib_a-e_asin.o)
                0x0001dbc8                __ieee754_asin
 .text          0x0001e160      0x1cc c:/program files (x86)/analog devices/gnu toolchain/2011r1/elf/bin/../lib/gcc/bfin-elf/4.3.5/../../../../bfin-elf/lib\libm.a(lib_a-e_cosh.o)
                0x0001e160                __ieee754_cosh
 .text          0x0001e32c      0x3ec c:/program files (x86)/analog devices/gnu toolchain/2011r1/elf/bin/../lib/gcc/bfin-elf/4.3.5/../../../../bfin-elf/lib\libm.a(lib_a-e_exp.o)
                0x0001e32c                __ieee754_exp
 .text          0x0001e718      0x500 c:/program files (x86)/analog devices/gnu toolchain/2011r1/elf/bin/../lib/gcc/bfin-elf/4.3.5/../../../../bfin-elf/lib\libm.a(lib_a-e_log.o)
                0x0001e718                __ieee754_log
 .text          0x0001ec18      0x150 c:/program files (x86)/analog devices/gnu toolchain/2011r1/elf/bin/../lib/gcc/bfin-elf/4.3.5/../../../../bfin-elf/lib\libm.a(lib_a-e_log10.o)
                0x0001ec18                __ieee754_log10
 .text          0x0001ed68      0xce4 c:/program files (x86)/analog devices/gnu toolchain/2011r1/elf/bin/../lib/gcc/bfin-elf/4.3.5/../../../../bfin-elf/lib\libm.a(lib_a-e_pow.o)
                0x0001ed68                __ieee754_pow
 .text          0x0001fa4c      0x514 c:/program files (x86)/analog devices/gnu toolchain/2011r1/elf/bin/../lib/gcc/bfin-elf/4.3.5/../../../../bfin-elf/lib\libm.a(lib_a-e_rem_pio2.o)
                0x0001fa4c                __ieee754_rem_pio2
 .text          0x0001ff60      0x1e0 c:/program files (x86)/analog devices/gnu toolchain/2011r1/elf/bin/../lib/gcc/bfin-elf/4.3.5/../../../../bfin-elf/lib\libm.a(lib_a-e_sinh.o)
                0x0001ff60                __ieee754_sinh
 .text          0x00020140      0x1b8 c:/program files (x86)/analog devices/gnu toolchain/2011r1/elf/bin/../lib/gcc/bfin-elf/4.3.5/../../../../bfin-elf/lib\libm.a(lib_a-e_sqrt.o)
                0x00020140                __ieee754_sqrt
 .text          0x000202f8      0x2fc c:/program files (x86)/analog devices/gnu toolchain/2011r1/elf/bin/../lib/gcc/bfin-elf/4.3.5/../../../../bfin-elf/lib\libm.a(lib_a-k_cos.o)
                0x000202f8                __kernel_cos
 .text          0x000205f4      0x9cc c:/program files (x86)/analog devices/gnu toolchain/2011r1/elf/bin/../lib/gcc/bfin-elf/4.3.5/../../../../bfin-elf/lib\libm.a(lib_a-k_rem_pio2.o)
                0x000205f4                __kernel_rem_pio2
 .text          0x00020fc0      0x1c8 c:/program files (x86)/analog devices/gnu toolchain/2011r1/elf/bin/../lib/gcc/bfin-elf/4.3.5/../../../../bfin-elf/lib\libm.a(lib_a-k_sin.o)
                0x00020fc0                __kernel_sin
 .text          0x00021188      0x4b0 c:/program files (x86)/analog devices/gnu toolchain/2011r1/elf/bin/../lib/gcc/bfin-elf/4.3.5/../../../../bfin-elf/lib\libm.a(lib_a-k_tan.o)
                0x00021188                __kernel_tan
 .text          0x00021638      0x574 c:/program files (x86)/analog devices/gnu toolchain/2011r1/elf/bin/../lib/gcc/bfin-elf/4.3.5/../../../../bfin-elf/lib\libm.a(lib_a-s_expm1.o)
                0x00021638                expm1
 .text          0x00021bac       0x18 c:/program files (x86)/analog devices/gnu toolchain/2011r1/elf/bin/../lib/gcc/bfin-elf/4.3.5/../../../../bfin-elf/lib\libm.a(lib_a-s_finite.o)
                0x00021bac                finite
 .text          0x00021bc4       0x94 c:/program files (x86)/analog devices/gnu toolchain/2011r1/elf/bin/../lib/gcc/bfin-elf/4.3.5/../../../../bfin-elf/lib\libm.a(lib_a-s_fpclassify.o)
                0x00021bc4                __fpclassifyd
 .text          0x00021c58       0x10 c:/program files (x86)/analog devices/gnu toolchain/2011r1/elf/bin/../lib/gcc/bfin-elf/4.3.5/../../../../bfin-elf/lib\libm.a(lib_a-s_matherr.o)
                0x00021c58                matherr
 .text          0x00021c68       0x14 c:/program files (x86)/analog devices/gnu toolchain/2011r1/elf/bin/../lib/gcc/bfin-elf/4.3.5/../../../../bfin-elf/lib\libm.a(lib_a-s_nan.o)
                0x00021c68                nan
 .text          0x00021c7c      0x154 c:/program files (x86)/analog devices/gnu toolchain/2011r1/elf/bin/../lib/gcc/bfin-elf/4.3.5/../../../../bfin-elf/lib\libm.a(lib_a-s_rint.o)
                0x00021c7c                rint
 .text          0x00021dd0      0x16c c:/program files (x86)/analog devices/gnu toolchain/2011r1/elf/bin/../lib/gcc/bfin-elf/4.3.5/../../../../bfin-elf/lib\libm.a(lib_a-s_scalbn.o)
                0x00021dd0                scalbn
 .text          0x00021f3c       0x1c c:/program files (x86)/analog devices/gnu toolchain/2011r1/elf/bin/../lib/gcc/bfin-elf/4.3.5/../../../../bfin-elf/lib\libm.a(lib_a-s_copysign.o)
                0x00021f3c                copysign
 .text          0x00021f58       0xa8 c:/program files (x86)/analog devices/gnu toolchain/2011r1/elf/bin/../lib/gcc/bfin-elf/4.3.5\libgcc.a(_divsi3.o)
                0x00021f58                __divsi3
 .text          0x00022000       0x9c c:/program files (x86)/analog devices/gnu toolchain/2011r1/elf/bin/../lib/gcc/bfin-elf/4.3.5\libgcc.a(_udivsi3.o)
                0x00022000                __udivsi3
 .text          0x0002209c       0x18 c:/program files (x86)/analog devices/gnu toolchain/2011r1/elf/bin/../lib/gcc/bfin-elf/4.3.5\libgcc.a(_umodsi3.o)
                0x0002209c                __umodsi3
 .text          0x000220b4       0x18 c:/program files (x86)/analog devices/gnu toolchain/2011r1/elf/bin/../lib/gcc/bfin-elf/4.3.5\libgcc.a(_modsi3.o)
                0x000220b4                __modsi3
 .text          0x000220cc      0x6b4 c:/program files (x86)/analog devices/gnu toolchain/2011r1/elf/bin/../lib/gcc/bfin-elf/4.3.5\libgcc.a(adddf3.o)
                0x000220cc                __adddf3
 .text          0x00022780      0x5fc c:/program files (x86)/analog devices/gnu toolchain/2011r1/elf/bin/../lib/gcc/bfin-elf/4.3.5\libgcc.a(divdf3.o)
                0x00022780                __divdf3
 .text          0x00022d7c       0x98 c:/program files (x86)/analog devices/gnu toolchain/2011r1/elf/bin/../lib/gcc/bfin-elf/4.3.5\libgcc.a(eqdf2.o)
                0x00022d7c                __eqdf2
                0x00022d7c                __nedf2
 .text          0x00022e14       0xe4 c:/program files (x86)/analog devices/gnu toolchain/2011r1/elf/bin/../lib/gcc/bfin-elf/4.3.5\libgcc.a(gedf2.o)
                0x00022e14                __gtdf2
                0x00022e14                __gedf2
 .text          0x00022ef8       0xe8 c:/program files (x86)/analog devices/gnu toolchain/2011r1/elf/bin/../lib/gcc/bfin-elf/4.3.5\libgcc.a(ledf2.o)
                0x00022ef8                __ltdf2
                0x00022ef8                __ledf2
 .text          0x00022fe0      0x4e0 c:/program files (x86)/analog devices/gnu toolchain/2011r1/elf/bin/../lib/gcc/bfin-elf/4.3.5\libgcc.a(muldf3.o)
                0x00022fe0                __muldf3
 .text          0x000234c0      0x6d4 c:/program files (x86)/analog devices/gnu toolchain/2011r1/elf/bin/../lib/gcc/bfin-elf/4.3.5\libgcc.a(subdf3.o)
                0x000234c0                __subdf3
 .text          0x00023b94       0x7c c:/program files (x86)/analog devices/gnu toolchain/2011r1/elf/bin/../lib/gcc/bfin-elf/4.3.5\libgcc.a(fixdfsi.o)
                0x00023b94                __fixdfsi
 .text          0x00023c10       0x78 c:/program files (x86)/analog devices/gnu toolchain/2011r1/elf/bin/../lib/gcc/bfin-elf/4.3.5\libgcc.a(fixunsdfsi.o)
                0x00023c10                __fixunsdfsi
 .text          0x00023c88       0xa0 c:/program files (x86)/analog devices/gnu toolchain/2011r1/elf/bin/../lib/gcc/bfin-elf/4.3.5\libgcc.a(floatsidf.o)
                0x00023c88                __floatsidf
 .text          0x00023d28       0x8c c:/program files (x86)/analog devices/gnu toolchain/2011r1/elf/bin/../lib/gcc/bfin-elf/4.3.5\libgcc.a(floatunsidf.o)
                0x00023d28                __floatunsidf
 .text          0x00023db4       0xc0 c:/program files (x86)/analog devices/gnu toolchain/2011r1/elf/bin/../lib/gcc/bfin-elf/4.3.5\libgcc.a(extendsfdf2.o)
                0x00023db4                __extendsfdf2
 .text          0x00023e74       0x50 c:/program files (x86)/analog devices/gnu toolchain/2011r1/elf/bin/../lib/gcc/bfin-elf/4.3.5\libgcc.a(_clzsi2.o)
                0x00023e74                __clzsi2
 .text          0x00023ec4       0x50 c:/program files (x86)/analog devices/gnu toolchain/2011r1/elf/bin/../lib/gcc/bfin-elf/4.3.5/../../../../bfin-elf/lib\libc.a(lib_a-assert.o)
                0x00023ec4                __assert_func
                0x00023f08                __assert
 .text          0x00023f14       0x18 c:/program files (x86)/analog devices/gnu toolchain/2011r1/elf/bin/../lib/gcc/bfin-elf/4.3.5/../../../../bfin-elf/lib\libc.a(lib_a-atexit.o)
                0x00023f14                atexit
 .text          0x00023f2c       0x24 c:/program files (x86)/analog devices/gnu toolchain/2011r1/elf/bin/../lib/gcc/bfin-elf/4.3.5/../../../../bfin-elf/lib\libc.a(lib_a-atoi.o)
                0x00023f2c                _atoi_r
                0x00023f40                atoi
 .text          0x00023f50       0x1c c:/program files (x86)/analog devices/gnu toolchain/2011r1/elf/bin/../lib/gcc/bfin-elf/4.3.5/../../../../bfin-elf/lib\libc.a(lib_a-calloc.o)
                0x00023f50                calloc
 .text          0x00023f6c       0x7c c:/program files (x86)/analog devices/gnu toolchain/2011r1/elf/bin/../lib/gcc/bfin-elf/4.3.5/../../../../bfin-elf/lib\libc.a(lib_a-callocr.o)
                0x00023f6c                _calloc_r
 .text          0x00023fe8       0x14 c:/program files (x86)/analog devices/gnu toolchain/2011r1/elf/bin/../lib/gcc/bfin-elf/4.3.5/../../../../bfin-elf/lib\libc.a(lib_a-errno.o)
                0x00023fe8                __errno
 .text          0x00023ffc       0x2c c:/program files (x86)/analog devices/gnu toolchain/2011r1/elf/bin/../lib/gcc/bfin-elf/4.3.5/../../../../bfin-elf/lib\libc.a(lib_a-exit.o)
                0x00023ffc                exit
 .text          0x00024028      0x1bc c:/program files (x86)/analog devices/gnu toolchain/2011r1/elf/bin/../lib/gcc/bfin-elf/4.3.5/../../../../bfin-elf/lib\libc.a(lib_a-fflush.o)
                0x00024028                _fflush_r
                0x000241ac                fflush
 .text          0x000241e4      0x2a0 c:/program files (x86)/analog devices/gnu toolchain/2011r1/elf/bin/../lib/gcc/bfin-elf/4.3.5/../../../../bfin-elf/lib\libc.a(lib_a-findfp.o)
                0x000241e4                __sfp_lock_acquire
                0x000241f4                __sfp_lock_release
                0x00024204                __sinit_lock_acquire
                0x00024214                __sinit_lock_release
                0x00024244                __fp_unlock_all
                0x00024264                __fp_lock_all
                0x00024284                _cleanup_r
                0x00024298                _cleanup
                0x00024318                __sinit
                0x0002437c                __sfmoreglue
                0x000243b8                __sfp
 .text          0x00024484       0x40 c:/program files (x86)/analog devices/gnu toolchain/2011r1/elf/bin/../lib/gcc/bfin-elf/4.3.5/../../../../bfin-elf/lib\libc.a(lib_a-fiprintf.o)
                0x00024484                fiprintf
                0x000244b0                _fiprintf_r
 .text          0x000244c4      0x2bc c:/program files (x86)/analog devices/gnu toolchain/2011r1/elf/bin/../lib/gcc/bfin-elf/4.3.5/../../../../bfin-elf/lib\libc.a(lib_a-freer.o)
                0x000244c4                _malloc_trim_r
                0x0002457c                _free_r
 .text          0x00024780       0xe8 c:/program files (x86)/analog devices/gnu toolchain/2011r1/elf/bin/../lib/gcc/bfin-elf/4.3.5/../../../../bfin-elf/lib\libc.a(lib_a-fwalk.o)
                0x00024780                _fwalk_reent
                0x000247f8                _fwalk
 .text          0x00024868       0xc8 c:/program files (x86)/analog devices/gnu toolchain/2011r1/elf/bin/../lib/gcc/bfin-elf/4.3.5/../../../../bfin-elf/lib\libc.a(lib_a-longjmp.o)
                0x00024868                longjmp
 .text          0x00024930       0x30 c:/program files (x86)/analog devices/gnu toolchain/2011r1/elf/bin/../lib/gcc/bfin-elf/4.3.5/../../../../bfin-elf/lib\libc.a(lib_a-malloc.o)
                0x00024930                free
                0x00024948                malloc
 .text          0x00024960      0x55c c:/program files (x86)/analog devices/gnu toolchain/2011r1/elf/bin/../lib/gcc/bfin-elf/4.3.5/../../../../bfin-elf/lib\libc.a(lib_a-mallocr.o)
                0x00024960                _malloc_r
 .text          0x00024ebc       0xa4 c:/program files (x86)/analog devices/gnu toolchain/2011r1/elf/bin/../lib/gcc/bfin-elf/4.3.5/../../../../bfin-elf/lib\libc.a(lib_a-memcpy.o)
                0x00024ebc                memcpy
 .text          0x00024f60       0xd4 c:/program files (x86)/analog devices/gnu toolchain/2011r1/elf/bin/../lib/gcc/bfin-elf/4.3.5/../../../../bfin-elf/lib\libc.a(lib_a-memmove.o)
                0x00024f60                memmove
 .text          0x00025034       0xb8 c:/program files (x86)/analog devices/gnu toolchain/2011r1/elf/bin/../lib/gcc/bfin-elf/4.3.5/../../../../bfin-elf/lib\libc.a(lib_a-memset.o)
                0x00025034                memset
 .text          0x000250ec       0x20 c:/program files (x86)/analog devices/gnu toolchain/2011r1/elf/bin/../lib/gcc/bfin-elf/4.3.5/../../../../bfin-elf/lib\libc.a(lib_a-mlock.o)
                0x000250ec                __malloc_lock
                0x000250fc                __malloc_unlock
 .text          0x0002510c       0x48 c:/program files (x86)/analog devices/gnu toolchain/2011r1/elf/bin/../lib/gcc/bfin-elf/4.3.5/../../../../bfin-elf/lib\libc.a(lib_a-printf.o)
                0x0002510c                printf
                0x00025134                _printf_r
 .text          0x00025154       0x2c c:/program files (x86)/analog devices/gnu toolchain/2011r1/elf/bin/../lib/gcc/bfin-elf/4.3.5/../../../../bfin-elf/lib\libc.a(lib_a-putchar.o)
                0x00025154                putchar
                0x00025170                _putchar_r
 .text          0x00025180       0x88 c:/program files (x86)/analog devices/gnu toolchain/2011r1/elf/bin/../lib/gcc/bfin-elf/4.3.5/../../../../bfin-elf/lib\libc.a(lib_a-puts.o)
                0x00025180                _puts_r
                0x000251f0                puts
 .text          0x00025208       0x6c c:/program files (x86)/analog devices/gnu toolchain/2011r1/elf/bin/../lib/gcc/bfin-elf/4.3.5/../../../../bfin-elf/lib\libc.a(lib_a-rand.o)
                0x00025208                srand
                0x00025228                rand
 .text          0x00025274       0x1c c:/program files (x86)/analog devices/gnu toolchain/2011r1/elf/bin/../lib/gcc/bfin-elf/4.3.5/../../../../bfin-elf/lib\libc.a(lib_a-realloc.o)
                0x00025274                realloc
 .text          0x00025290      0x358 c:/program files (x86)/analog devices/gnu toolchain/2011r1/elf/bin/../lib/gcc/bfin-elf/4.3.5/../../../../bfin-elf/lib\libc.a(lib_a-reallocr.o)
                0x00025290                _realloc_r
 .text          0x000255e8       0x30 c:/program files (x86)/analog devices/gnu toolchain/2011r1/elf/bin/../lib/gcc/bfin-elf/4.3.5/../../../../bfin-elf/lib\libc.a(lib_a-sbrkr.o)
                0x000255e8                _sbrk_r
 .text          0x00025618       0xbc c:/program files (x86)/analog devices/gnu toolchain/2011r1/elf/bin/../lib/gcc/bfin-elf/4.3.5/../../../../bfin-elf/lib\libc.a(lib_a-setjmp.o)
                0x00025618                setjmp
 .text          0x000256d4       0x90 c:/program files (x86)/analog devices/gnu toolchain/2011r1/elf/bin/../lib/gcc/bfin-elf/4.3.5/../../../../bfin-elf/lib\libc.a(lib_a-sprintf.o)
                0x000256d4                sprintf
                0x00025724                _sprintf_r
 .text          0x00025764       0xb4 c:/program files (x86)/analog devices/gnu toolchain/2011r1/elf/bin/../lib/gcc/bfin-elf/4.3.5/../../../../bfin-elf/lib\libc.a(lib_a-sscanf.o)
                0x00025764                _sscanf_r
                0x000257bc                sscanf
 .text          0x00025818       0xe4 c:/program files (x86)/analog devices/gnu toolchain/2011r1/elf/bin/../lib/gcc/bfin-elf/4.3.5/../../../../bfin-elf/lib\libc.a(lib_a-stdio.o)
                0x00025818                __seofread
                0x00025828                __sclose
                0x00025838                __sseek
                0x00025878                __swrite
                0x000258b8                __sread
 .text          0x000258fc      0x12c c:/program files (x86)/analog devices/gnu toolchain/2011r1/elf/bin/../lib/gcc/bfin-elf/4.3.5/../../../../bfin-elf/lib\libc.a(lib_a-strchr.o)
                0x000258fc                strchr
 .text          0x00025a28       0x7c c:/program files (x86)/analog devices/gnu toolchain/2011r1/elf/bin/../lib/gcc/bfin-elf/4.3.5/../../../../bfin-elf/lib\libc.a(lib_a-strcmp.o)
                0x00025a28                strcmp
 .text          0x00025aa4       0x88 c:/program files (x86)/analog devices/gnu toolchain/2011r1/elf/bin/../lib/gcc/bfin-elf/4.3.5/../../../../bfin-elf/lib\libc.a(lib_a-strlen.o)
                0x00025aa4                strlen
 .text          0x00025b2c       0xd8 c:/program files (x86)/analog devices/gnu toolchain/2011r1/elf/bin/../lib/gcc/bfin-elf/4.3.5/../../../../bfin-elf/lib\libc.a(lib_a-strncmp.o)
                0x00025b2c                strncmp
 .text          0x00025c04       0xa4 c:/program files (x86)/analog devices/gnu toolchain/2011r1/elf/bin/../lib/gcc/bfin-elf/4.3.5/../../../../bfin-elf/lib\libc.a(lib_a-strncpy.o)
                0x00025c04                strncpy
 .text          0x00025ca8      0x674 c:/program files (x86)/analog devices/gnu toolchain/2011r1/elf/bin/../lib/gcc/bfin-elf/4.3.5/../../../../bfin-elf/lib\libc.a(lib_a-strstr.o)
                0x00026060                strstr
 .text          0x0002631c      0xfd4 c:/program files (x86)/analog devices/gnu toolchain/2011r1/elf/bin/../lib/gcc/bfin-elf/4.3.5/../../../../bfin-elf/lib\libc.a(lib_a-strtod.o)
                0x0002631c                _strtod_r
                0x00027294                strtof
                0x000272d4                strtod
 .text          0x000272f0       0x24 c:/program files (x86)/analog devices/gnu toolchain/2011r1/elf/bin/../lib/gcc/bfin-elf/4.3.5/../../../../bfin-elf/lib\libc.a(lib_a-strtok.o)
                0x000272f0                strtok
 .text          0x00027314       0x98 c:/program files (x86)/analog devices/gnu toolchain/2011r1/elf/bin/../lib/gcc/bfin-elf/4.3.5/../../../../bfin-elf/lib\libc.a(lib_a-strtok_r.o)
                0x00027314                __strtok_r
                0x00027398                strtok_r
 .text          0x000273ac      0x18c c:/program files (x86)/analog devices/gnu toolchain/2011r1/elf/bin/../lib/gcc/bfin-elf/4.3.5/../../../../bfin-elf/lib\libc.a(lib_a-strtol.o)
                0x000273ac                _strtol_r
                0x00027508                strtol
 .text          0x00027538     0x1650 c:/program files (x86)/analog devices/gnu toolchain/2011r1/elf/bin/../lib/gcc/bfin-elf/4.3.5/../../../../bfin-elf/lib\libc.a(lib_a-svfprintf.o)
                0x00027538                _svfprintf_r
 .text          0x00028b88      0xd50 c:/program files (x86)/analog devices/gnu toolchain/2011r1/elf/bin/../lib/gcc/bfin-elf/4.3.5/../../../../bfin-elf/lib\libc.a(lib_a-svfscanf.o)
                0x00028b88                __ssvfscanf_r
 .text          0x000298d8      0xb40 c:/program files (x86)/analog devices/gnu toolchain/2011r1/elf/bin/../lib/gcc/bfin-elf/4.3.5/../../../../bfin-elf/lib\libc.a(lib_a-vfiprintf.o)
                0x000298d8                __sprint_r
                0x00029970                _vfiprintf_r
                0x0002a3e8                vfiprintf
 .text          0x0002a418     0x1774 c:/program files (x86)/analog devices/gnu toolchain/2011r1/elf/bin/../lib/gcc/bfin-elf/4.3.5/../../../../bfin-elf/lib\libc.a(lib_a-vfprintf.o)
                0x0002a418                _vfprintf_r
                0x0002bb5c                vfprintf
 .text          0x0002bb8c      0x100 c:/program files (x86)/analog devices/gnu toolchain/2011r1/elf/bin/../lib/gcc/bfin-elf/4.3.5/../../../../bfin-elf/lib\libc.a(lib_a-wbuf.o)
                0x0002bb8c                __swbuf_r
                0x0002bc70                __swbuf
 .text          0x0002bc8c       0x3c c:/program files (x86)/analog devices/gnu toolchain/2011r1/elf/bin/../lib/gcc/bfin-elf/4.3.5/../../../../bfin-elf/lib\libc.a(lib_a-writer.o)
                0x0002bc8c                _write_r
 .text          0x0002bcc8       0xe0 c:/program files (x86)/analog devices/gnu toolchain/2011r1/elf/bin/../lib/gcc/bfin-elf/4.3.5/../../../../bfin-elf/lib\libc.a(lib_a-wsetup.o)
                0x0002bcc8                __swsetup_r
 .text          0x0002bda8       0xbc c:/program files (x86)/analog devices/gnu toolchain/2011r1/elf/bin/../lib/gcc/bfin-elf/4.3.5/../../../../bfin-elf/lib\libc.a(lib_a-__atexit.o)
                0x0002bda8                __register_exitproc
 .text          0x0002be64      0x100 c:/program files (x86)/analog devices/gnu toolchain/2011r1/elf/bin/../lib/gcc/bfin-elf/4.3.5/../../../../bfin-elf/lib\libc.a(lib_a-__call_atexit.o)
                0x0002be64                __call_exitprocs
 .text          0x0002bf64       0x10 c:/program files (x86)/analog devices/gnu toolchain/2011r1/elf/bin/../lib/gcc/bfin-elf/4.3.5/../../../../bfin-elf/lib\libc.a(lib_a-abort.o)
                0x0002bf64                abort
 .text          0x0002bf74       0x38 c:/program files (x86)/analog devices/gnu toolchain/2011r1/elf/bin/../lib/gcc/bfin-elf/4.3.5/../../../../bfin-elf/lib\libc.a(lib_a-closer.o)
                0x0002bf74                _close_r
 .text          0x0002bfac     0x1018 c:/program files (x86)/analog devices/gnu toolchain/2011r1/elf/bin/../lib/gcc/bfin-elf/4.3.5/../../../../bfin-elf/lib\libc.a(lib_a-dtoa.o)
                0x0002c104                _dtoa_r
 .text          0x0002cfc4       0xdc c:/program files (x86)/analog devices/gnu toolchain/2011r1/elf/bin/../lib/gcc/bfin-elf/4.3.5/../../../../bfin-elf/lib\libc.a(lib_a-fclose.o)
                0x0002cfc4                _fclose_r
                0x0002d088                fclose
 .text          0x0002d0a0      0x12c c:/program files (x86)/analog devices/gnu toolchain/2011r1/elf/bin/../lib/gcc/bfin-elf/4.3.5/../../../../bfin-elf/lib\libc.a(lib_a-fputwc.o)
                0x0002d0a0                _fputwc_r
                0x0002d198                fputwc
 .text          0x0002d1cc      0x300 c:/program files (x86)/analog devices/gnu toolchain/2011r1/elf/bin/../lib/gcc/bfin-elf/4.3.5/../../../../bfin-elf/lib\libc.a(lib_a-fvwrite.o)
                0x0002d1cc                __sfvwrite_r
 .text          0x0002d4cc      0x6c4 c:/program files (x86)/analog devices/gnu toolchain/2011r1/elf/bin/../lib/gcc/bfin-elf/4.3.5/../../../../bfin-elf/lib\libc.a(lib_a-gdtoa-gethex.o)
                0x0002d4cc                __hexdig_init
                0x0002d5fc                __gethex
 .text          0x0002db90      0x1b8 c:/program files (x86)/analog devices/gnu toolchain/2011r1/elf/bin/../lib/gcc/bfin-elf/4.3.5/../../../../bfin-elf/lib\libc.a(lib_a-gdtoa-hexnan.o)
                0x0002db90                __hexnan
 .text          0x0002dd48       0x30 c:/program files (x86)/analog devices/gnu toolchain/2011r1/elf/bin/../lib/gcc/bfin-elf/4.3.5/../../../../bfin-elf/lib\libc.a(lib_a-iswspace.o)
                0x0002dd48                iswspace
 .text          0x0002dd78       0xe8 c:/program files (x86)/analog devices/gnu toolchain/2011r1/elf/bin/../lib/gcc/bfin-elf/4.3.5/../../../../bfin-elf/lib\libc.a(lib_a-locale.o)
                0x0002dd78                __locale_charset
                0x0002dd8c                __locale_mb_cur_max
                0x0002dda0                __locale_msgcharset
                0x0002ddb4                __locale_cjk_lang
                0x0002ddc4                _localeconv_r
                0x0002ddd8                localeconv
                0x0002ddec                _setlocale_r
                0x0002de44                setlocale
 .text          0x0002de60       0x3c c:/program files (x86)/analog devices/gnu toolchain/2011r1/elf/bin/../lib/gcc/bfin-elf/4.3.5/../../../../bfin-elf/lib\libc.a(lib_a-lseekr.o)
                0x0002de60                _lseek_r
 .text          0x0002de9c       0xf0 c:/program files (x86)/analog devices/gnu toolchain/2011r1/elf/bin/../lib/gcc/bfin-elf/4.3.5/../../../../bfin-elf/lib\libc.a(lib_a-makebuf.o)
                0x0002de9c                __smakebuf_r
 .text          0x0002df8c       0xfc c:/program files (x86)/analog devices/gnu toolchain/2011r1/elf/bin/../lib/gcc/bfin-elf/4.3.5/../../../../bfin-elf/lib\libc.a(lib_a-mbrtowc.o)
                0x0002df8c                mbrtowc
                0x0002e014                _mbrtowc_r
 .text          0x0002e088       0x74 c:/program files (x86)/analog devices/gnu toolchain/2011r1/elf/bin/../lib/gcc/bfin-elf/4.3.5/../../../../bfin-elf/lib\libc.a(lib_a-mbtowc_r.o)
                0x0002e088                __ascii_mbtowc
                0x0002e0c4                _mbtowc_r
 .text          0x0002e0fc       0xcc c:/program files (x86)/analog devices/gnu toolchain/2011r1/elf/bin/../lib/gcc/bfin-elf/4.3.5/../../../../bfin-elf/lib\libc.a(lib_a-memchr.o)
                0x0002e0fc                memchr
 .text          0x0002e1c8       0x78 c:/program files (x86)/analog devices/gnu toolchain/2011r1/elf/bin/../lib/gcc/bfin-elf/4.3.5/../../../../bfin-elf/lib\libc.a(lib_a-memcmp.o)
                0x0002e1c8                memcmp
 .text          0x0002e240      0xa70 c:/program files (x86)/analog devices/gnu toolchain/2011r1/elf/bin/../lib/gcc/bfin-elf/4.3.5/../../../../bfin-elf/lib\libc.a(lib_a-mprec.o)
                0x0002e240                _Bfree
                0x0002e264                __hi0bits
                0x0002e2c0                __lo0bits
                0x0002e34c                __mcmp
                0x0002e398                __ulp
                0x0002e3f4                __b2d
                0x0002e4c0                __ratio
                0x0002e524                _mprec_log10
                0x0002e574                __copybits
                0x0002e5c4                __any_on
                0x0002e638                _Balloc
                0x0002e6a0                __d2b
                0x0002e77c                __mdiff
                0x0002e898                __lshift
                0x0002e950                __multiply
                0x0002eaa0                __i2b
                0x0002eac0                __multadd
                0x0002eb50                __pow5mult
                0x0002ec14                __s2b
 .text          0x0002ecb0      0x120 c:/program files (x86)/analog devices/gnu toolchain/2011r1/elf/bin/../lib/gcc/bfin-elf/4.3.5/../../../../bfin-elf/lib\libc.a(lib_a-putc.o)
                0x0002ecb0                putc
                0x0002ed44                _putc_r
 .text          0x0002edd0       0x3c c:/program files (x86)/analog devices/gnu toolchain/2011r1/elf/bin/../lib/gcc/bfin-elf/4.3.5/../../../../bfin-elf/lib\libc.a(lib_a-readr.o)
                0x0002edd0                _read_r
 .text          0x0002ee0c       0xa4 c:/program files (x86)/analog devices/gnu toolchain/2011r1/elf/bin/../lib/gcc/bfin-elf/4.3.5/../../../../bfin-elf/lib\libc.a(lib_a-sccl.o)
                0x0002ee0c                __sccl
 .text          0x0002eeb0       0x10 c:/program files (x86)/analog devices/gnu toolchain/2011r1/elf/bin/../lib/gcc/bfin-elf/4.3.5/../../../../bfin-elf/lib\libc.a(lib_a-sf_nan.o)
                0x0002eeb0                nanf
 .text          0x0002eec0      0x1e4 c:/program files (x86)/analog devices/gnu toolchain/2011r1/elf/bin/../lib/gcc/bfin-elf/4.3.5/../../../../bfin-elf/lib\libc.a(lib_a-signal.o)
                0x0002eec0                _raise_r
                0x0002ef30                raise
                0x0002ef48                _init_signal_r
                0x0002ef8c                _init_signal
                0x0002efa4                __sigtramp_r
                0x0002f018                __sigtramp
                0x0002f030                _signal_r
                0x0002f088                signal
 .text          0x0002f0a4       0x44 c:/program files (x86)/analog devices/gnu toolchain/2011r1/elf/bin/../lib/gcc/bfin-elf/4.3.5/../../../../bfin-elf/lib\libc.a(lib_a-signalr.o)
                0x0002f0a4                _getpid_r
                0x0002f0b0                _kill_r
 .text          0x0002f0e8      0x190 c:/program files (x86)/analog devices/gnu toolchain/2011r1/elf/bin/../lib/gcc/bfin-elf/4.3.5/../../../../bfin-elf/lib\libc.a(lib_a-strtoul.o)
                0x0002f0e8                _strtoul_r
                0x0002f248                strtoul
 .text          0x0002f278      0xa8c c:/program files (x86)/analog devices/gnu toolchain/2011r1/elf/bin/../lib/gcc/bfin-elf/4.3.5/../../../../bfin-elf/lib\libc.a(lib_a-svfiprintf.o)
                0x0002f278                __ssprint_r
                0x0002f3ac                _svfiprintf_r
 .text          0x0002fd04      0xb04 c:/program files (x86)/analog devices/gnu toolchain/2011r1/elf/bin/../lib/gcc/bfin-elf/4.3.5/../../../../bfin-elf/lib\libc.a(lib_a-svfiscanf.o)
                0x0002fd04                __ssrefill_r
                0x0002fd5c                _sfread_r
                0x0002fdf0                _sungetc_r
                0x0002fea0                __ssvfiscanf_r
 .text          0x00030808      0x1cc c:/program files (x86)/analog devices/gnu toolchain/2011r1/elf/bin/../lib/gcc/bfin-elf/4.3.5/../../../../bfin-elf/lib\libc.a(lib_a-ungetc.o)
                0x00030808                __submore
                0x0003089c                _ungetc_r
                0x000309b8                ungetc
 .text          0x000309d4       0xe0 c:/program files (x86)/analog devices/gnu toolchain/2011r1/elf/bin/../lib/gcc/bfin-elf/4.3.5/../../../../bfin-elf/lib\libc.a(lib_a-wcrtomb.o)
                0x000309d4                wcrtomb
                0x00030a4c                _wcrtomb_r
 .text          0x00030ab4       0x64 c:/program files (x86)/analog devices/gnu toolchain/2011r1/elf/bin/../lib/gcc/bfin-elf/4.3.5/../../../../bfin-elf/lib\libc.a(lib_a-wctomb_r.o)
                0x00030ab4                __ascii_wctomb
                0x00030ae4                _wctomb_r
 .text          0x00030b18       0x38 c:/program files (x86)/analog devices/gnu toolchain/2011r1/elf/bin/../lib/gcc/bfin-elf/4.3.5/../../../../bfin-elf/lib\libc.a(lib_a-fstatr.o)
                0x00030b18                _fstat_r
 .text          0x00030b50       0x38 c:/program files (x86)/analog devices/gnu toolchain/2011r1/elf/bin/../lib/gcc/bfin-elf/4.3.5/../../../../bfin-elf/lib\libc.a(lib_a-isattyr.o)
                0x00030b50                _isatty_r
 .text          0x00030b88        0x8 c:/program files (x86)/analog devices/gnu toolchain/2011r1/elf/bin/../lib/gcc/bfin-elf/4.3.5/../../../../bfin-elf/lib\libbfinbsp.a(_exit.o)
                0x00030b88                _exit
 .text          0x00030b90       0x38 c:/program files (x86)/analog devices/gnu toolchain/2011r1/elf/bin/../lib/gcc/bfin-elf/4.3.5/../../../../bfin-elf/lib\libnosys.a(sbrk.o)
                0x00030b90                _sbrk
 .text          0x00030bc8       0x4c c:/program files (x86)/analog devices/gnu toolchain/2011r1/elf/bin/../lib/gcc/bfin-elf/4.3.5\libgcc.a(_muldi3.o)
                0x00030bc8                __muldi3
 .text          0x00030c14      0x17c c:/program files (x86)/analog devices/gnu toolchain/2011r1/elf/bin/../lib/gcc/bfin-elf/4.3.5\libgcc.a(truncdfsf2.o)
                0x00030c14                __truncdfsf2
 .text          0x00030d90       0x38 c:/program files (x86)/analog devices/gnu toolchain/2011r1/elf/bin/../lib/gcc/bfin-elf/4.3.5/crtend.o

.init           0x00030dc8       0x12
 *(.init)
 .init          0x00030dc8        0x4 c:/program files (x86)/analog devices/gnu toolchain/2011r1/elf/bin/../lib/gcc/bfin-elf/4.3.5/crti.o
                0x00030dc8                _init
 .init          0x00030dcc        0x4 c:/program files (x86)/analog devices/gnu toolchain/2011r1/elf/bin/../lib/gcc/bfin-elf/4.3.5/crtbegin.o
 .init          0x00030dd0        0x4 c:/program files (x86)/analog devices/gnu toolchain/2011r1/elf/bin/../lib/gcc/bfin-elf/4.3.5/crtend.o
 .init          0x00030dd4        0x6 c:/program files (x86)/analog devices/gnu toolchain/2011r1/elf/bin/../lib/gcc/bfin-elf/4.3.5/crtn.o

.fini           0x00030dda        0xe
 *(.fini)
 .fini          0x00030dda        0x4 c:/program files (x86)/analog devices/gnu toolchain/2011r1/elf/bin/../lib/gcc/bfin-elf/4.3.5/crti.o
                0x00030dda                _fini
 .fini          0x00030dde        0x4 c:/program files (x86)/analog devices/gnu toolchain/2011r1/elf/bin/../lib/gcc/bfin-elf/4.3.5/crtbegin.o
 .fini          0x00030de2        0x6 c:/program files (x86)/analog devices/gnu toolchain/2011r1/elf/bin/../lib/gcc/bfin-elf/4.3.5/crtn.o

.rodata         0x00100000     0x6080
                0x00100000                PROVIDE (__etext, .)
                0x00100000                PROVIDE (_etext, .)
                0x00100000                PROVIDE (etext, .)
 *(.rodata .rodata.*)
 .rodata.str1.4
                0x00100000      0x10a main.o
                                0x114 (size before relaxing)
 *fill*         0x0010010a        0x2 00
 .rodata        0x0010010c      0x4b4 main.o
 .rodata        0x001005c0      0x244 rcm-bfin.o
 .rodata.str1.4
                0x00100804      0x9b0 rcm-bfin.o
                                0x9c0 (size before relaxing)
 .rodata        0x001011b4       0x3c intuart.o
 .rodata.str1.4
                0x001011f0       0x6d intuart.o
                                 0x70 (size before relaxing)
 *fill*         0x0010125d        0x3 00
 .rodata.str1.4
                0x00101260       0xd5 stm_m25p32.o
                                 0xd8 (size before relaxing)
 *fill*         0x00101335        0x3 00
 .rodata.str1.4
                0x00101338      0x445 httpd.o
                                0x488 (size before relaxing)
 *fill*         0x0010177d        0x3 00
 .rodata        0x00101780      0x3c8 httpd.o
 .rodata.str1.4
                0x00101b48       0x7b xmodem.o
                                 0x7c (size before relaxing)
 *fill*         0x00101bc3        0x1 00
 .rodata        0x00101bc4      0x200 xmodem.o
 .rodata.str1.4
                0x00101dc4       0xb6 edit.o
                                 0xb8 (size before relaxing)
 *fill*         0x00101e7a        0x2 00
 .rodata        0x00101e7c       0x5c edit.o
 .rodata.str1.4
                0x00101ed8       0x13 myfunc.o
                                 0x14 (size before relaxing)
 *fill*         0x00101eeb        0x1 00
 .rodata.str1.4
                0x00101eec        0x4 neural.o
                                  0xc (size before relaxing)
 .rodata.str1.4
                0x00101ef0       0x92 gps.o
                                 0x94 (size before relaxing)
 *fill*         0x00101f82        0x2 00
 .rodata        0x00101f84      0x16c gps.o
 .rodata.str1.4
                0x001020f0       0x5c hokuyo.o
 .rodata.str1.4
                0x0010214c       0x17 picoc/picoc.o
                                 0x18 (size before relaxing)
 *fill*         0x00102163        0x1 00
 .rodata.str1.4
                0x00102164        0xe picoc/table.o
                                 0x14 (size before relaxing)
 *fill*         0x00102172        0x2 00
 .rodata        0x00102174      0x32c picoc/lex.o
 .rodata.str1.4
                0x001024a0      0x26a picoc/lex.o
                                0x288 (size before relaxing)
 *fill*         0x0010270a        0x2 00
 .rodata.str1.4
                0x0010270c      0x245 picoc/parse.o
                                0x270 (size before relaxing)
 *fill*         0x00102951        0x3 00
 .rodata        0x00102954      0x12c picoc/parse.o
 .rodata        0x00102a80      0x388 picoc/expression.o
 .rodata.str1.4
                0x00102e08      0x48a picoc/expression.o
                                0x4f0 (size before relaxing)
 *fill*         0x00103292        0x2 00
 .rodata.str1.4
                0x00103294      0x347 picoc/heap.o
                                0x348 (size before relaxing)
 *fill*         0x001035db        0x1 00
 .rodata        0x001035dc       0x2c picoc/heap.o
 .rodata.str1.4
                0x00103608      0x121 picoc/type.o
                                0x158 (size before relaxing)
 *fill*         0x00103729        0x3 00
 .rodata        0x0010372c       0x60 picoc/type.o
 .rodata.str1.4
                0x0010378c       0x81 picoc/variable.o
                                 0xc0 (size before relaxing)
 *fill*         0x0010380d        0x3 00
 .rodata        0x00103810       0x38 picoc/variable.o
 .rodata.str1.4
                0x00103848      0x437 picoc/clibrary.o
                                0x478 (size before relaxing)
 *fill*         0x00103c7f        0x1 00
 .rodata        0x00103c80       0xa8 picoc/clibrary.o
 .rodata.str1.4
                0x00103d28       0x12 picoc/debug.o
                                 0x24 (size before relaxing)
 *fill*         0x00103d3a        0x2 00
 .rodata.str1.4
                0x00103d3c      0xa82 picoc/platform/library_surveyor.o
                                0xa98 (size before relaxing)
 *fill*         0x001047be        0x2 00
 .rodata.str1.4
                0x001047c0       0x44 picoc/platform.o
                                 0x58 (size before relaxing)
 .rodata.str1.4
                0x00104804       0x11 picoc/platform/platform_surveyor.o
                                 0x14 (size before relaxing)
 *fill*         0x00104815        0x3 00
 .rodata.str1.4
                0x00104818       0x17 sysinit.o
                                 0x18 (size before relaxing)
 *fill*         0x0010482f        0x1 00
 .rodata.str1.4
                0x00104830        0xe system.o
                                 0x10 (size before relaxing)
 *fill*         0x0010483e        0x2 00
 .rodata.str1.4
                0x00104840       0x71 streaming.o
                                 0x78 (size before relaxing)
 *fill*         0x001048b1        0x3 00
 .rodata        0x001048b4       0x40 c:/program files (x86)/analog devices/gnu toolchain/2011r1/elf/bin/../lib/gcc/bfin-elf/4.3.5/../../../../bfin-elf/lib\libm.a(lib_a-s_atan.o)
 .rodata.str1.4
                0x001048f4        0x5 c:/program files (x86)/analog devices/gnu toolchain/2011r1/elf/bin/../lib/gcc/bfin-elf/4.3.5/../../../../bfin-elf/lib\libm.a(lib_a-w_acos.o)
                                  0xc (size before relaxing)
 *fill*         0x001048f9        0x3 00
 .rodata.str1.4
                0x001048fc        0x5 c:/program files (x86)/analog devices/gnu toolchain/2011r1/elf/bin/../lib/gcc/bfin-elf/4.3.5/../../../../bfin-elf/lib\libm.a(lib_a-w_asin.o)
                                  0xc (size before relaxing)
 *fill*         0x00104901        0x3 00
 .rodata.str1.4
                0x00104904        0x5 c:/program files (x86)/analog devices/gnu toolchain/2011r1/elf/bin/../lib/gcc/bfin-elf/4.3.5/../../../../bfin-elf/lib\libm.a(lib_a-w_cosh.o)
                                  0x8 (size before relaxing)
 *fill*         0x00104909        0x3 00
 .rodata.str1.4
                0x0010490c        0x4 c:/program files (x86)/analog devices/gnu toolchain/2011r1/elf/bin/../lib/gcc/bfin-elf/4.3.5/../../../../bfin-elf/lib\libm.a(lib_a-w_exp.o)
 .rodata.str1.4
                0x00104910        0x4 c:/program files (x86)/analog devices/gnu toolchain/2011r1/elf/bin/../lib/gcc/bfin-elf/4.3.5/../../../../bfin-elf/lib\libm.a(lib_a-w_log.o)
                                  0x8 (size before relaxing)
 .rodata.str1.4
                0x00104914        0x6 c:/program files (x86)/analog devices/gnu toolchain/2011r1/elf/bin/../lib/gcc/bfin-elf/4.3.5/../../../../bfin-elf/lib\libm.a(lib_a-w_log10.o)
                                  0xc (size before relaxing)
 *fill*         0x0010491a        0x2 00
 .rodata.str1.4
                0x0010491c        0x4 c:/program files (x86)/analog devices/gnu toolchain/2011r1/elf/bin/../lib/gcc/bfin-elf/4.3.5/../../../../bfin-elf/lib\libm.a(lib_a-w_pow.o)
 .rodata.str1.4
                0x00104920        0x5 c:/program files (x86)/analog devices/gnu toolchain/2011r1/elf/bin/../lib/gcc/bfin-elf/4.3.5/../../../../bfin-elf/lib\libm.a(lib_a-w_sinh.o)
                                  0x8 (size before relaxing)
 *fill*         0x00104925        0x3 00
 .rodata.str1.4
                0x00104928        0x5 c:/program files (x86)/analog devices/gnu toolchain/2011r1/elf/bin/../lib/gcc/bfin-elf/4.3.5/../../../../bfin-elf/lib\libm.a(lib_a-w_sqrt.o)
                                  0x8 (size before relaxing)
 *fill*         0x0010492d        0x3 00
 .rodata        0x00104930       0x30 c:/program files (x86)/analog devices/gnu toolchain/2011r1/elf/bin/../lib/gcc/bfin-elf/4.3.5/../../../../bfin-elf/lib\libm.a(lib_a-e_exp.o)
 .rodata.str1.4
                0x00000000        0x4 c:/program files (x86)/analog devices/gnu toolchain/2011r1/elf/bin/../lib/gcc/bfin-elf/4.3.5/../../../../bfin-elf/lib\libm.a(lib_a-e_pow.o)
 .rodata        0x00104960       0x30 c:/program files (x86)/analog devices/gnu toolchain/2011r1/elf/bin/../lib/gcc/bfin-elf/4.3.5/../../../../bfin-elf/lib\libm.a(lib_a-e_pow.o)
 .rodata        0x00104990      0x188 c:/program files (x86)/analog devices/gnu toolchain/2011r1/elf/bin/../lib/gcc/bfin-elf/4.3.5/../../../../bfin-elf/lib\libm.a(lib_a-e_rem_pio2.o)
 .rodata        0x00104b18       0x50 c:/program files (x86)/analog devices/gnu toolchain/2011r1/elf/bin/../lib/gcc/bfin-elf/4.3.5/../../../../bfin-elf/lib\libm.a(lib_a-k_rem_pio2.o)
 .rodata        0x00104b68       0x10 c:/program files (x86)/analog devices/gnu toolchain/2011r1/elf/bin/../lib/gcc/bfin-elf/4.3.5/../../../../bfin-elf/lib\libm.a(lib_a-s_rint.o)
 .rodata        0x00104b78       0x40 c:/program files (x86)/analog devices/gnu toolchain/2011r1/elf/bin/../lib/gcc/bfin-elf/4.3.5\libgcc.a(divdf3.o)
 .rodata        0x00104bb8       0x40 c:/program files (x86)/analog devices/gnu toolchain/2011r1/elf/bin/../lib/gcc/bfin-elf/4.3.5\libgcc.a(muldf3.o)
 .rodata        0x00104bf8      0x100 c:/program files (x86)/analog devices/gnu toolchain/2011r1/elf/bin/../lib/gcc/bfin-elf/4.3.5\libgcc.a(_clz.o)
                0x00104bf8                __clz_tab
 .rodata.str1.4
                0x00104cf8       0x3f c:/program files (x86)/analog devices/gnu toolchain/2011r1/elf/bin/../lib/gcc/bfin-elf/4.3.5/../../../../bfin-elf/lib\libc.a(lib_a-assert.o)
                                 0x44 (size before relaxing)
 .rodata        0x00104d37      0x281 c:/program files (x86)/analog devices/gnu toolchain/2011r1/elf/bin/../lib/gcc/bfin-elf/4.3.5/../../../../bfin-elf/lib\libc.a(lib_a-ctype_.o)
                0x00104d37                _ctype_
 .rodata        0x00104fb8        0x4 c:/program files (x86)/analog devices/gnu toolchain/2011r1/elf/bin/../lib/gcc/bfin-elf/4.3.5/../../../../bfin-elf/lib\libc.a(lib_a-impure.o)
                0x00104fb8                _global_impure_ptr
 .rodata.str1.4
                0x00104fbc        0x2 c:/program files (x86)/analog devices/gnu toolchain/2011r1/elf/bin/../lib/gcc/bfin-elf/4.3.5/../../../../bfin-elf/lib\libc.a(lib_a-impure.o)
                                  0x4 (size before relaxing)
 .rodata.str1.4
                0x00000000        0x4 c:/program files (x86)/analog devices/gnu toolchain/2011r1/elf/bin/../lib/gcc/bfin-elf/4.3.5/../../../../bfin-elf/lib\libc.a(lib_a-puts.o)
 *fill*         0x00104fbe        0x2 00
 .rodata.str1.4
                0x00104fc0        0xf c:/program files (x86)/analog devices/gnu toolchain/2011r1/elf/bin/../lib/gcc/bfin-elf/4.3.5/../../../../bfin-elf/lib\libc.a(lib_a-strtod.o)
                                 0x10 (size before relaxing)
 *fill*         0x00104fcf        0x1 00
 .rodata        0x00104fd0       0xfc c:/program files (x86)/analog devices/gnu toolchain/2011r1/elf/bin/../lib/gcc/bfin-elf/4.3.5/../../../../bfin-elf/lib\libc.a(lib_a-strtod.o)
 .rodata.str1.4
                0x001050cc       0x5a c:/program files (x86)/analog devices/gnu toolchain/2011r1/elf/bin/../lib/gcc/bfin-elf/4.3.5/../../../../bfin-elf/lib\libc.a(lib_a-svfprintf.o)
                                 0x60 (size before relaxing)
 *fill*         0x00105126        0x2 00
 .rodata        0x00105128      0x184 c:/program files (x86)/analog devices/gnu toolchain/2011r1/elf/bin/../lib/gcc/bfin-elf/4.3.5/../../../../bfin-elf/lib\libc.a(lib_a-svfprintf.o)
 .rodata.str1.4
                0x001052ac        0x5 c:/program files (x86)/analog devices/gnu toolchain/2011r1/elf/bin/../lib/gcc/bfin-elf/4.3.5/../../../../bfin-elf/lib\libc.a(lib_a-svfscanf.o)
                                  0x8 (size before relaxing)
 *fill*         0x001052b1        0x3 00
 .rodata        0x001052b4      0x490 c:/program files (x86)/analog devices/gnu toolchain/2011r1/elf/bin/../lib/gcc/bfin-elf/4.3.5/../../../../bfin-elf/lib\libc.a(lib_a-svfscanf.o)
 .rodata.str1.4
                0x00000000       0x4c c:/program files (x86)/analog devices/gnu toolchain/2011r1/elf/bin/../lib/gcc/bfin-elf/4.3.5/../../../../bfin-elf/lib\libc.a(lib_a-vfiprintf.o)
 .rodata        0x00105744      0x184 c:/program files (x86)/analog devices/gnu toolchain/2011r1/elf/bin/../lib/gcc/bfin-elf/4.3.5/../../../../bfin-elf/lib\libc.a(lib_a-vfiprintf.o)
 .rodata.str1.4
                0x00000000       0x60 c:/program files (x86)/analog devices/gnu toolchain/2011r1/elf/bin/../lib/gcc/bfin-elf/4.3.5/../../../../bfin-elf/lib\libc.a(lib_a-vfprintf.o)
 .rodata        0x001058c8      0x184 c:/program files (x86)/analog devices/gnu toolchain/2011r1/elf/bin/../lib/gcc/bfin-elf/4.3.5/../../../../bfin-elf/lib\libc.a(lib_a-vfprintf.o)
 .rodata.str1.4
                0x00105a4c       0x10 c:/program files (x86)/analog devices/gnu toolchain/2011r1/elf/bin/../lib/gcc/bfin-elf/4.3.5/../../../../bfin-elf/lib\libc.a(lib_a-dtoa.o)
                                 0x14 (size before relaxing)
 .rodata        0x00105a5c       0x18 c:/program files (x86)/analog devices/gnu toolchain/2011r1/elf/bin/../lib/gcc/bfin-elf/4.3.5/../../../../bfin-elf/lib\libc.a(lib_a-dtoa.o)
 .rodata.str1.4
                0x00105a74       0x1b c:/program files (x86)/analog devices/gnu toolchain/2011r1/elf/bin/../lib/gcc/bfin-elf/4.3.5/../../../../bfin-elf/lib\libc.a(lib_a-gdtoa-gethex.o)
                                 0x1c (size before relaxing)
 *fill*         0x00105a8f        0x1 00
 .rodata.str1.4
                0x00105a90        0x8 c:/program files (x86)/analog devices/gnu toolchain/2011r1/elf/bin/../lib/gcc/bfin-elf/4.3.5/../../../../bfin-elf/lib\libc.a(lib_a-locale.o)
                                 0x14 (size before relaxing)
 .rodata.str1.4
                0x00000000        0x4 c:/program files (x86)/analog devices/gnu toolchain/2011r1/elf/bin/../lib/gcc/bfin-elf/4.3.5/../../../../bfin-elf/lib\libc.a(lib_a-mbrtowc.o)
 .rodata        0x00105a98      0x124 c:/program files (x86)/analog devices/gnu toolchain/2011r1/elf/bin/../lib/gcc/bfin-elf/4.3.5/../../../../bfin-elf/lib\libc.a(lib_a-mprec.o)
                0x00105a98                __mprec_tens
                0x00105b60                __mprec_bigtens
                0x00105b88                __mprec_tinytens
 .rodata.str1.4
                0x00000000       0x4c c:/program files (x86)/analog devices/gnu toolchain/2011r1/elf/bin/../lib/gcc/bfin-elf/4.3.5/../../../../bfin-elf/lib\libc.a(lib_a-svfiprintf.o)
 .rodata        0x00105bbc      0x184 c:/program files (x86)/analog devices/gnu toolchain/2011r1/elf/bin/../lib/gcc/bfin-elf/4.3.5/../../../../bfin-elf/lib\libc.a(lib_a-svfiprintf.o)
 .rodata        0x00105d40      0x340 c:/program files (x86)/analog devices/gnu toolchain/2011r1/elf/bin/../lib/gcc/bfin-elf/4.3.5/../../../../bfin-elf/lib\libc.a(lib_a-svfiscanf.o)

.picoc_rodata   0x00106080        0x0
                0x00106080                __picoc_rodata_start = .
 picoc*(.rodata .rodata.*)
                0x00106080                __picoc_rodata_end = .

.eh_frame       0x00106080      0x1f4
 *(.eh_frame)
 .eh_frame      0x00106080        0x0 c:/program files (x86)/analog devices/gnu toolchain/2011r1/elf/bin/../lib/gcc/bfin-elf/4.3.5/crtbegin.o
 .eh_frame      0x00106080       0x38 c:/program files (x86)/analog devices/gnu toolchain/2011r1/elf/bin/../lib/gcc/bfin-elf/4.3.5\libgcc.a(adddf3.o)
 .eh_frame      0x001060b8       0x2c c:/program files (x86)/analog devices/gnu toolchain/2011r1/elf/bin/../lib/gcc/bfin-elf/4.3.5\libgcc.a(divdf3.o)
                                 0x3c (size before relaxing)
 .eh_frame      0x001060e4       0x24 c:/program files (x86)/analog devices/gnu toolchain/2011r1/elf/bin/../lib/gcc/bfin-elf/4.3.5\libgcc.a(eqdf2.o)
                                 0x34 (size before relaxing)
 .eh_frame      0x00106108       0x24 c:/program files (x86)/analog devices/gnu toolchain/2011r1/elf/bin/../lib/gcc/bfin-elf/4.3.5\libgcc.a(gedf2.o)
                                 0x34 (size before relaxing)
 .eh_frame      0x0010612c       0x24 c:/program files (x86)/analog devices/gnu toolchain/2011r1/elf/bin/../lib/gcc/bfin-elf/4.3.5\libgcc.a(ledf2.o)
                                 0x34 (size before relaxing)
 .eh_frame      0x00106150       0x2c c:/program files (x86)/analog devices/gnu toolchain/2011r1/elf/bin/../lib/gcc/bfin-elf/4.3.5\libgcc.a(muldf3.o)
                                 0x3c (size before relaxing)
 .eh_frame      0x0010617c       0x28 c:/program files (x86)/analog devices/gnu toolchain/2011r1/elf/bin/../lib/gcc/bfin-elf/4.3.5\libgcc.a(subdf3.o)
                                 0x38 (size before relaxing)
 .eh_frame      0x001061a4       0x20 c:/program files (x86)/analog devices/gnu toolchain/2011r1/elf/bin/../lib/gcc/bfin-elf/4.3.5\libgcc.a(fixdfsi.o)
                                 0x30 (size before relaxing)
 .eh_frame      0x001061c4       0x20 c:/program files (x86)/analog devices/gnu toolchain/2011r1/elf/bin/../lib/gcc/bfin-elf/4.3.5\libgcc.a(fixunsdfsi.o)
                                 0x30 (size before relaxing)
 .eh_frame      0x001061e4       0x24 c:/program files (x86)/analog devices/gnu toolchain/2011r1/elf/bin/../lib/gcc/bfin-elf/4.3.5\libgcc.a(floatsidf.o)
                                 0x34 (size before relaxing)
 .eh_frame      0x00106208       0x20 c:/program files (x86)/analog devices/gnu toolchain/2011r1/elf/bin/../lib/gcc/bfin-elf/4.3.5\libgcc.a(floatunsidf.o)
                                 0x30 (size before relaxing)
 .eh_frame      0x00106228       0x24 c:/program files (x86)/analog devices/gnu toolchain/2011r1/elf/bin/../lib/gcc/bfin-elf/4.3.5\libgcc.a(extendsfdf2.o)
                                 0x34 (size before relaxing)
 .eh_frame      0x0010624c       0x24 c:/program files (x86)/analog devices/gnu toolchain/2011r1/elf/bin/../lib/gcc/bfin-elf/4.3.5\libgcc.a(truncdfsf2.o)
                                 0x34 (size before relaxing)
 .eh_frame      0x00106270        0x4 c:/program files (x86)/analog devices/gnu toolchain/2011r1/elf/bin/../lib/gcc/bfin-elf/4.3.5/crtend.o
                0x00107274                . = (ALIGN (0x1000) + (. & 0xfff))

.eh_frame
 *(.eh_frame)

.gcc_except_table
 *(.gcc_except_table .gcc_except_table.*)

.ctors          0x00106274        0x8