Archive member included because of file (symbol)

c:/program files (x86)/analog devices/gnu toolchain/2011r1/elf/bin/../lib/gcc/bfin-elf/4.3.5/../../../../bfin-elf/lib\libm.a(lib_a-s_atan.o)
                              picoc/clibrary.o (atan)
c:/program files (x86)/analog devices/gnu toolchain/2011r1/elf/bin/../lib/gcc/bfin-elf/4.3.5/../../../../bfin-elf/lib\libm.a(lib_a-s_ceil.o)
                              picoc/clibrary.o (ceil)
c:/program files (x86)/analog devices/gnu toolchain/2011r1/elf/bin/../lib/gcc/bfin-elf/4.3.5/../../../../bfin-elf/lib\libm.a(lib_a-s_cos.o)
                              picoc/clibrary.o (cos)
c:/program files (x86)/analog devices/gnu toolchain/2011r1/elf/bin/../lib/gcc/bfin-elf/4.3.5/../../../../bfin-elf/lib\libm.a(lib_a-s_fabs.o)
                              c:/program files (x86)/analog devices/gnu toolchain/2011r1/elf/bin/../lib/gcc/bfin-elf/4.3.5/../../../../bfin-elf/lib\libm.a(lib_a-s_atan.o) (fabs)
c:/program files (x86)/analog devices/gnu toolchain/2011r1/elf/bin/../lib/gcc/bfin-elf/4.3.5/../../../../bfin-elf/lib\libm.a(lib_a-s_floor.o)
                              picoc/clibrary.o (floor)
c:/program files (x86)/analog devices/gnu toolchain/2011r1/elf/bin/../lib/gcc/bfin-elf/4.3.5/../../../../bfin-elf/lib\libm.a(lib_a-s_sin.o)
                              picoc/clibrary.o (sin)
c:/program files (x86)/analog devices/gnu toolchain/2011r1/elf/bin/../lib/gcc/bfin-elf/4.3.5/../../../../bfin-elf/lib\libm.a(lib_a-s_tan.o)
                              picoc/clibrary.o (tan)
c:/program files (x86)/analog devices/gnu toolchain/2011r1/elf/bin/../lib/gcc/bfin-elf/4.3.5/../../../../bfin-elf/lib\libm.a(lib_a-s_tanh.o)
                              picoc/clibrary.o (tanh)
c:/program files (x86)/analog devices/gnu toolchain/2011r1/elf/bin/../lib/gcc/bfin-elf/4.3.5/../../../../bfin-elf/lib\libm.a(lib_a-w_acos.o)
                              picoc/clibrary.o (acos)
c:/program files (x86)/analog devices/gnu toolchain/2011r1/elf/bin/../lib/gcc/bfin-elf/4.3.5/../../../../bfin-elf/lib\libm.a(lib_a-w_asin.o)
                              picoc/clibrary.o (asin)
c:/program files (x86)/analog devices/gnu toolchain/2011r1/elf/bin/../lib/gcc/bfin-elf/4.3.5/../../../../bfin-elf/lib\libm.a(lib_a-w_cosh.o)
                              picoc/clibrary.o (cosh)
c:/program files (x86)/analog devices/gnu toolchain/2011r1/elf/bin/../lib/gcc/bfin-elf/4.3.5/../../../../bfin-elf/lib\libm.a(lib_a-w_exp.o)
                              picoc/clibrary.o (exp)
c:/program files (x86)/analog devices/gnu toolchain/2011r1/elf/bin/../lib/gcc/bfin-elf/4.3.5/../../../../bfin-elf/lib\libm.a(lib_a-w_log.o)
                              picoc/clibrary.o (log)
c:/program files (x86)/analog devices/gnu toolchain/2011r1/elf/bin/../lib/gcc/bfin-elf/4.3.5/../../../../bfin-elf/lib\libm.a(lib_a-w_log10.o)
                              picoc/clibrary.o (log10)
c:/program files (x86)/analog devices/gnu toolchain/2011r1/elf/bin/../lib/gcc/bfin-elf/4.3.5/../../../../bfin-elf/lib\libm.a(lib_a-w_pow.o)
                              picoc/lex.o (pow)
c:/program files (x86)/analog devices/gnu toolchain/2011r1/elf/bin/../lib/gcc/bfin-elf/4.3.5/../../../../bfin-elf/lib\libm.a(lib_a-w_sinh.o)
                              picoc/clibrary.o (sinh)
c:/program files (x86)/analog devices/gnu toolchain/2011r1/elf/bin/../lib/gcc/bfin-elf/4.3.5/../../../../bfin-elf/lib\libm.a(lib_a-w_sqrt.o)
                              picoc/clibrary.o (sqrt)
c:/program files (x86)/analog devices/gnu toolchain/2011r1/elf/bin/../lib/gcc/bfin-elf/4.3.5/../../../../bfin-elf/lib\libm.a(lib_a-e_acos.o)
                              c:/program files (x86)/analog devices/gnu toolchain/2011r1/elf/bin/../lib/gcc/bfin-elf/4.3.5/../../../../bfin-elf/lib\libm.a(lib_a-w_acos.o) (__ieee754_acos)
c:/program files (x86)/analog devices/gnu toolchain/2011r1/elf/bin/../lib/gcc/bfin-elf/4.3.5/../../../../bfin-elf/lib\libm.a(lib_a-e_asin.o)
                              c:/program files (x86)/analog devices/gnu toolchain/2011r1/elf/bin/../lib/gcc/bfin-elf/4.3.5/../../../../bfin-elf/lib\libm.a(lib_a-w_asin.o) (__ieee754_asin)
c:/program files (x86)/analog devices/gnu toolchain/2011r1/elf/bin/../lib/gcc/bfin-elf/4.3.5/../../../../bfin-elf/lib\libm.a(lib_a-e_cosh.o)
                              c:/program files (x86)/analog devices/gnu toolchain/2011r1/elf/bin/../lib/gcc/bfin-elf/4.3.5/../../../../bfin-elf/lib\libm.a(lib_a-w_cosh.o) (__ieee754_cosh)
c:/program files (x86)/analog devices/gnu toolchain/2011r1/elf/bin/../lib/gcc/bfin-elf/4.3.5/../../../../bfin-elf/lib\libm.a(lib_a-e_exp.o)
                              c:/program files (x86)/analog devices/gnu toolchain/2011r1/elf/bin/../lib/gcc/bfin-elf/4.3.5/../../../../bfin-elf/lib\libm.a(lib_a-w_exp.o) (__ieee754_exp)
c:/program files (x86)/analog devices/gnu toolchain/2011r1/elf/bin/../lib/gcc/bfin-elf/4.3.5/../../../../bfin-elf/lib\libm.a(lib_a-e_log.o)
[...]
Memory Configuration

Name             Origin             Length             Attributes
MEM_L1_DATA_A    0xff800000         0x00004000
MEM_L1_DCACHE_A  0xff804000         0x00004000
MEM_L1_DATA_B    0xff900000         0x00004000
MEM_L1_DCACHE_B  0xff904000         0x00004000
MEM_L1_CODE      0xffa00000         0x0000c000
MEM_L1_ICACHE    0xffa10000         0x00004000
MEM_L1_SCRATCH   0xffb00000         0x00001000
MEM_SDRAM_CODE   0x00000000         0x00100000
MEM_SDRAM_DATA   0x00100000         0x00100000
MEM_SDRAM_HEAP   0x00200000         0x00100000
*default*        0x00000000         0xffffffff

Linker script and memory map

LOAD c:/program files (x86)/analog devices/gnu toolchain/2011r1/elf/bin/../lib/gcc/bfin-elf/4.3.5/../../../../bfin-elf/lib/basiccrt.o
LOAD c:/program files (x86)/analog devices/gnu toolchain/2011r1/elf/bin/../lib/gcc/bfin-elf/4.3.5/crti.o
LOAD c:/program files (x86)/analog devices/gnu toolchain/2011r1/elf/bin/../lib/gcc/bfin-elf/4.3.5/crtbegin.o
LOAD c:/program files (x86)/analog devices/gnu toolchain/2011r1/elf/bin/../lib/gcc/bfin-elf/4.3.5/crtlibid.o
LOAD main.o
LOAD init.o
LOAD rcm-bfin.o
LOAD intuart.o
LOAD camera.o
LOAD jpeg.o
LOAD i2c.o
LOAD stm_m25p32.o
LOAD httpd.o
LOAD xmodem.o
LOAD colors.o
LOAD edit.o
LOAD myfunc.o
LOAD neural.o
LOAD gps.o
LOAD sdcard.o
LOAD hokuyo.o
LOAD picoc/picoc.o
LOAD picoc/table.o
LOAD picoc/lex.o
LOAD picoc/parse.o
LOAD picoc/expression.o
LOAD picoc/heap.o
LOAD picoc/type.o
LOAD picoc/variable.o
LOAD picoc/clibrary.o
LOAD picoc/debug.o
LOAD picoc/platform/library_surveyor.o
LOAD picoc/platform.o
LOAD picoc/platform/platform_surveyor.o
LOAD picoc/include.o
LOAD interrupts.o
LOAD sysinit.o
LOAD system.o
LOAD r8x8dct.o
LOAD motionvect.o
LOAD cache.o
LOAD basiccrt.o
LOAD options.o
LOAD streaming.o
LOAD c:/program files (x86)/analog devices/gnu toolchain/2011r1/elf/bin/../lib/gcc/bfin-elf/4.3.5/../../../../bfin-elf/lib\libm.a
LOAD c:/program files (x86)/analog devices/gnu toolchain/2011r1/elf/bin/../lib/gcc/bfin-elf/4.3.5\libgcc.a
START GROUP
LOAD c:/program files (x86)/analog devices/gnu toolchain/2011r1/elf/bin/../lib/gcc/bfin-elf/4.3.5/../../../../bfin-elf/lib\libc.a
LOAD c:/program files (x86)/analog devices/gnu toolchain/2011r1/elf/bin/../lib/gcc/bfin-elf/4.3.5/../../../../bfin-elf/lib\libbfinbsp.a
LOAD c:/program files (x86)/analog devices/gnu toolchain/2011r1/elf/bin/../lib/gcc/bfin-elf/4.3.5/../../../../bfin-elf/lib\libnosys.a
END GROUP
LOAD c:/program files (x86)/analog devices/gnu toolchain/2011r1/elf/bin/../lib/gcc/bfin-elf/4.3.5\libgcc.a
LOAD c:/program files (x86)/analog devices/gnu toolchain/2011r1/elf/bin/../lib/gcc/bfin-elf/4.3.5/crtend.o
LOAD c:/program files (x86)/analog devices/gnu toolchain/2011r1/elf/bin/../lib/gcc/bfin-elf/4.3.5/crtn.o

.l1code         0xffa00000      0x238
 basiccrt.o(.text)
 .text          0xffa00000      0x168 basiccrt.o
                0xffa00000                start
 *(.l1code)
 .l1code        0xffa00168       0xd0 rcm-bfin.o
                0xffa00168                reset_cpu

.sdram.text     0x00000000      0xeb4
 main.o(.text)
 .text          0x00000000      0xeb4 main.o
                0x00000000                ProcessPriorityCommand
                0x00000030                MainLoop
                0x00000d94                main

.sdram.bss      0x00100000        0x0
                0x00100000                __sdram_bss_start = .
 *(.bss.sdram)
 neural.o(.bss)
                0x00100000                . = ALIGN (0x4)
                0x00100000                __sdram_bss_end = .

.text           0x00000eb8    0x304c8
 *(.text .text.*)
 .text          0x00000eb8       0xd8 c:/program files (x86)/analog devices/gnu toolchain/2011r1/elf/bin/../lib/gcc/bfin-elf/4.3.5/crtbegin.o
 .text          0x00000f90     0x575c rcm-bfin.o
                0x00000f90                CopyPicoCOut
                0x00001108                CopyPicoCBack
                0x000011c8                init_io
                0x00001300                stack_remaining
                0x00001314                init_sonar
                0x00001388                grab_reference_frame
                0x000013e0                compute_frame_diff
                0x0000144c                set_caption
                0x000014f4                move_image
                0x00001528                move_inverted
                0x00001580                copy_image
                0x000015a4                move_yuv422_to_planar
                0x000015f0                scale_image_to_80x64_planar
                0x00001718                i2c_write_filter
                0x000018a4                initPWM
                0x00001910                initPWM2
                0x00001968                initTMR4
                0x000019b0                initPPM1
                0x00001a0c                initPPM2
                0x00001a68                setPWM
                0x00001b28                setPWM2
                0x00001b98                setPPM1
                0x00001c24                motor_trim_right
                0x00001c90                motor_trim_left
                0x00001cfc                setPPM2
                0x00001d88                check_bounds_0_100
                0x00001db0                initRTC
                0x00001dd8                readRTC
                0x00001e34                sonar
                0x00001fb8                clearRTC
                0x00001fd0                delayMS
                0x00002000                motor_set
                0x0000211c                delayUS
                0x00002184                i2c_targeted_delay
                0x000021cc                delayNS
                0x00002238                reset_failsafe_clock
                0x00002250                check_failsafe
                0x000022d8                init_encoders
                0x00002350                encoders
                0x000024b8                PrintUnknownCommand
                0x000024e4                read_encoders
                0x00002510                disable_failsafe
                0x00002530                motor_action
                0x00002574                motor_decrease_base_speed
                0x00002608                motor_increase_base_speed
                0x0000269c                overlay_off
                0x000026bc                overlay_on
                0x000026dc                disable_frame_diff
                0x00002730                enable_obstacle_detect
                0x00002760                enable_horizon_detect
                0x00002790                enable_edge_detect
                0x000027c0                enable_segmentation
                0x000027e0                enable_frame_diff
                0x0000284c                ping_sonar
                0x0000287c                lasers_off
                0x000028a4                lasers_on
                0x000028cc                serial_out_time
                0x000028e8                show_stack_ptr
                0x00002900                PrintP
                0x00002928                ProcessPipeTest
                0x00002980                intfromfourchars
                0x000029d4                intfromthreechars
                0x00002a10                enable_failsafe
                0x00002a60                ppm2_command
                0x00002b10                ppm1_command
                0x00002bbc                motor2_command
                0x00002ca8                motor_command
                0x00002d50                PicoCSetPrintfBuffer
                0x00002d8c                change_image_quality
                0x00002dd8                set_edge_thresh
                0x00002e08                ReadPicoCProgram
                0x00002f2c                clear_flash_buffer
                0x00002f68                check_battery
                0x00002f9c                show_heap_ptr
                0x00002fb0                PrintMemCpy
                0x0000300c                CheckForRCMBFINCommand
                0x00003054                testSD
                0x0000309c                encoder_4wd
                0x0000316c                read_encoder_4wd
                0x00003198                analog_4wd
                0x00003268                read_analog_4wd
                0x00003294                process_neuralnet
                0x000035e8                process_autoinc_i2c
                0x000037fc                restore_video
                0x00003848                invert_video
                0x00003890                laser_range
                0x00003db4                show_laser_range
                0x00003dd0                show_compass2x
                0x00003e54                analog
                0x00003f84                read_analog
                0x00003fc0                init_tilt
                0x00003ffc                tilt
                0x00004088                read_tilt
                0x000040b4                process_i2c
                0x00004564                processPicoCMemory
                0x000048f4                write_boot_flash
                0x00004948                write_double_sector
                0x000049c8                write_user_sector
                0x00004a28                write_user_flash
                0x00004a54                clear_sdram
                0x00004a6c                read_double_sector
                0x00004af4                read_user_sector
                0x00004b5c                read_user_flash
                0x00004b94                crc_flash_buffer
                0x00004bb8                launch_editor
                0x00004bc8                xmodem_receive
                0x00004c20                camera_reset
                0x00004e04                camera_setup
                0x00004ef4                send_80x64planar
                0x00004f88                serial_out_httpbuffer
                0x00005000                serial_out_flashbuffer
                0x0000507c                send_frame
                0x000055e0                serial_out_version_no_packet
                0x00005654                motion_vect80x64
                0x000057ec                motion_vect_test
                0x0000590c                grab_frame
                0x00005b54                process_colors
                0x000062e8                enable_blob_display
                0x00006334                read_compass3x
                0x0000654c                show_compass3x
                0x000065b4                check_for_autorun
                0x00006674                serial_out_version
 .text          0x000066ec     0x19bc intuart.o
                0x000066ec                init_uart0
                0x000067e8                init_uart1
                0x0000684c                FlushAllTXBuffers
                0x000068bc                uart0Signal
                0x000068d4                uart1SendChar
                0x00006904                uart1SendString
                0x00006944                uart1SendChars
                0x00006980                uart1GetCh
                0x000069ac                uart1GetChar
                0x000069e0                uart1Signal
                0x00006abc                RXAltBufPull
                0x00006b10                uart0TurnOnInterrupts
                0x00006bb0                uart0TurnOffInterrupts
                0x00006bcc                uart0GetBufferCharWait
                0x00006c1c                uart0GetCh
                0x00006c68                UART_gets
                0x00006cc0                uart0GetBufferCharNoWait
                0x00006ce4                uart0GetChar
                0x00006d2c                TXSendNextByte
                0x00006d7c                _read
                0x00006d8c                _fstat
                0x00006da0                _lseek
                0x00006db0                isatty
                0x00006dc0                _isatty
                0x00006dd0                waituntilNS
                0x00006e18                suartInit
                0x00006e70                suartPutChar
                0x00006fa0                ReadBufferStates
                0x00007004                GetPacketCommand
                0x00007064                suartGetChar
                0x000071a8                _close
                0x000071c0                _open
                0x000076f0                uart0_ISR
                0x00007ae8                uart0SendChar
                0x00007bd8                uart0SendChars
                0x00007c00                uart0SendString
                0x00007cf4                PacketEnd
                0x00007ec4                PacketBegin
                0x00007f58                _write
                0x00007fa8                SendPacket
                0x00008014                SendErrorPacket
                0x00008040                ReceiveEnd
                0x00008074                ReceiveBegin
 .text          0x000080a8      0x108 camera.o
                0x000080a8                camera_init
                0x00008158                camera_start
                0x00008184                camera_stop
 .text          0x000081b0      0xf5c jpeg.o
                0x000081b0                initialization
                0x0000828c                levelshift
                0x000082b4                huffman
                0x00008740                close_bitstream
                0x000087c0                write_markers
                0x000089dc                initialize_quantization_tables
                0x00008acc                quantization
                0x00008b1c                read_400_format
                0x00008bd8                read_422_format
                0x00008e04                DCT
                0x00008e20                encodeMCU
                0x00009020                encode_image
 .text          0x0000910c      0xaec i2c.o
                0x0000910c                InitI2C
                0x00009210                i2cslowread
                0x00009354                i2cwritexSingle
                0x0000941c                i2cwritex
                0x00009454                i2cwriteSingle
                0x0000953c                i2cwrite
                0x00009574                i2c_read_timed2
                0x000096e8                i2c_read_timed
                0x00009830                i2creadSinglers
                0x00009a60                i2creadrs
                0x00009a98                i2creadSingle
                0x00009bc0                i2cread
 .text          0x00009bf8      0xa88 stm_m25p32.o
                0x00009bf8                spi_init_f
                0x00009c08                spi_init_r
                0x00009c18                Wait_For_SPIF
                0x00009c70                GetSectorNumber
                0x00009c94                udelay
                0x00009cd8                SPI_OFF
                0x00009cfc                SetupSPI
                0x00009d34                ReadData
                0x00009f04                spi_read
                0x00009f20                ReadStatusRegister
                0x0000a00c                Wait_For_Status
                0x0000a044                Wait_For_WEL
                0x0000a078                SendSingleCommand
                0x0000a114                WriteFlash
                0x0000a360                WriteData
                0x0000a3ac                EraseBlock
                0x0000a57c                spi_write
 .text          0x0000a680     0x1ba0 httpd.o
                0x0000a680                clean_buffer
                0x0000a84c                adminBodyBuilder
                0x0000a910                httpd_request
 .text          0x0000c220      0x63c xmodem.o
                0x0000c220                crc16_ccitt
                0x0000c39c                _inbyte
                0x0000c3ec                xmodemTransmit
                0x0000c648                xmodemReceive
 .text          0x0000c85c     0x12c0 colors.o
                0x0000c85c                init_colors
                0x0000c8b8                vpix
                0x0000c8f4                vblob
                0x0000cd5c                vhist
                0x0000ce38                vmean
                0x0000cf0c                color_segment
                0x0000d0dc                vfind
                0x0000d1ec                edge_detect
                0x0000d3e4                svs_segcode
                0x0000d5a4                vhorizon
                0x0000d7d8                vscan
                0x0000d884                svs_segview
                0x0000d920                addvect
                0x0000d9b0                addline
                0x0000da4c                addbox
 .text          0x0000db1c      0x4c4 edit.o
                0x0000db1c                delete_char
                0x0000db70                find_next_line
                0x0000dbc0                find_previous_line
                0x0000dc1c                find_buffer_end
                0x0000dc60                print_lines
                0x0000dd14                insert_char
                0x0000dd84                print_help
                0x0000dda4                edit
 .text          0x0000dfe0       0x28 myfunc.o
                0x0000dfe0                myfunc
 .text          0x0000e008      0x5b4 neural.o
                0x0000e008                nnset_pattern
                0x0000e094                f_logic
                0x0000e0f8                nncalculate_network
                0x0000e1e0                nncalculate_errors
                0x0000e288                nnscale8x8
                0x0000e380                nnpack8x8
                0x0000e3ec                nndisplay
                0x0000e46c                nninit_pattern
                0x0000e49c                nntrain_network
                0x0000e574                nninit_network
 .text          0x0000e5bc      0xdfc gps.o
                0x0000e5bc                GPSsin
                0x0000e67c                GPScos
                0x0000e734                GPStan
                0x0000e848                GPSasin
                0x0000e8c8                GPSacos
                0x0000e950                GPSatan
                0x0000e9ec                GPSisqrt
                0x0000ea20                gps_head
                0x0000eaac                gps_dist
                0x0000ebac                read_ublox
                0x0000ebf8                gps_parse
                0x0000f310                gps_show
 .text          0x0000f3b8     0x103c sdcard.o
                0x0000f3b8                InitSD
                0x0000f404                CloseSD
                0x0000f41c                WriteByte
                0x0000f47c                SendCommand
                0x0000f7ac                GetToken
                0x0000f838                CardInit
                0x0000f88c                GetCardParams
                0x0000fbbc                EraseBlocks
                0x0000fc60                WriteSector
                0x0000fea4                ReadSector
                0x0001003c                ReadMultipleBlocks
                0x000101e4                WriteMultipleBlocks
 .text          0x000103f4      0x9bc hokuyo.o
                0x000103f4                hokuyo_convert
                0x00010414                HokuyoCalibrateEnd
                0x00010438                HokuyoCalibrateStart
                0x0001045c                HokuyoSetVariation
                0x00010568                HokuyoSetDeviation
                0x00010674                HokuyoCompassEEPROMClear
                0x000106bc                hokuyo_print
                0x0001096c                hokuyo_process
                0x00010aa0                hokuyo_receive
                0x00010b38                hmc6343_read
                0x00010bd8                processHokuyo
                0x00010d04                HokuyoPringHeading
                0x00010d20                HokuyoPrintEEPROM
 .text          0x00010db0       0xcc picoc/picoc.o
                0x00010db0                picoc
 .text          0x00010e7c      0x2d8 picoc/table.o
                0x00010e7c                TableGet
                0x00010ee8                TableStrFree
                0x00010f2c                TableDelete
                0x00010f84                TableSetIdentifier
                0x00011048                TableStrRegister2
                0x00011064                TableStrRegister
                0x00011080                TableSet
                0x000110f0                TableInitTable
                0x0001110c                TableInit
 .text          0x00011154     0x1954 picoc/lex.o
                0x00011154                LexCheckReservedWord
                0x00011190                LexUnEscapeCharacterConstant
                0x00011250                LexUnEscapeCharacter
                0x000113c8                LexSkipComment
                0x00011478                LexTokenSize
                0x000114b4                LexInitParser
                0x000114ec                LexRawPeekToken
                0x000114fc                LexInteractiveStatementPrompt
                0x00011514                LexInteractiveCompleted
                0x0001157c                LexInteractiveClear
                0x000115c8                LexCleanup
                0x000115d8                LexCopyTokens
                0x00011760                LexHashEndif
                0x0001179c                LexHashElse
                0x000117f0                LexGetCharacterConstant
                0x00011848                LexGetWord
                0x0001192c                LexGetStringConstant
                0x00011aa0                LexGetNumber
                0x00011e90                LexScanGetToken
                0x00012370                LexTokenise
                0x00012470                LexAnalyse
                0x000124a4                LexGetRawToken
                0x0001280c                LexToEndOfLine
                0x00012840                LexHashIf
                0x00012910                LexHashIfdef
                0x00012990                LexHashIncPos
                0x000129a8                LexGetToken
                0x00012a7c                LexInit
 .text          0x00012aa8     0x1304 picoc/parse.o
                0x00012aa8                ParserCopyPos
                0x00012acc                ParseCleanup
                0x00012b10                ParseCountParams
                0x00012b64                ParseTypedef
                0x00012ba8                ParserCopy
                0x00012bc8                ParseMacroDefinition
                0x00012d58                ParseDeclarationAssignment
                0x00012ed0                ParseFunctionDefinition
                0x00013228                ParseDeclaration
                0x00013398                ParseStatement
                0x000139a4                PicocParseInteractiveNoStartPrompt
                0x00013a20                PicocParseInteractive
                0x00013a3c                PicocParse
                0x00013aec                ParseBlock
                0x00013b7c                ParseStatementMaybeRun
                0x00013bb4                ParseFor
 .text          0x00013dac     0x1e8c picoc/expression.o
                0x00013dac                debugf
                0x00013dbc                ExpressionCoerceInteger
                0x00013e1c                ExpressionCoerceUnsignedInteger
                0x00013e7c                ExpressionCoerceFP
                0x00013ef8                ExpressionAssignFP
                0x00013f34                ExpressionAssignInt
                0x00013fb0                ExpressionStackPushOperator
                0x00013fe0                ExpressionStackPushValueNode
                0x00014004                ExpressionGetStructElement
                0x00014160                ExpressionPushFP
                0x000141b0                ExpressionPushInt
                0x000141f8                ExpressionStackPushDereference
                0x00014268                ExpressionStackPushValueByType
                0x000142a4                ExpressionPostfixOperator
                0x000143f0                ExpressionPrefixOperator
                0x00014624                ExpressionAssignToPointer
                0x00014724                ExpressionAssign
                0x0001493c                ExpressionStackPushLValue
                0x00014974                ExpressionStackPushValue
                0x000149a4                ExpressionColonOperator
                0x000149cc                ExpressionQuestionMarkOperator
                0x00014a24                ExpressionInfixOperator
                0x00015010                ExpressionStackCollapse
                0x0001519c                ExpressionParse
                0x00015770                ExpressionParseInt
                0x000157ec                ExpressionParseMacroCall
                0x00015988                ExpressionParseFunctionCall
 .text          0x00015c38      0x4cc picoc/heap.o
                0x00015c38                HeapInit
                0x00015c90                HeapCleanup
                0x00015ca0                HeapUnpopStack
                0x00015cc0                HeapPushStackFrame
                0x00015ce8                HeapPopStackFrame
                0x00015d14                HeapFreeMem
                0x00015e58                HeapPopStack
                0x00015eb8                HeapAllocMem
                0x000160bc                HeapAllocStack
 .text          0x00016104      0xc9c picoc/type.o
                0x00016104                TypeStackSizeValue
                0x00016160                TypeSizeValue
                0x000161a4                TypeSize
                0x000161e0                TypeAddBaseType
                0x00016220                TypeAdd
                0x00016268                TypeInit
                0x000164b0                TypeGetMatching
                0x00016560                TypeParseBack
                0x000165fc                TypeParseEnum
                0x00016770                TypeCreateOpaqueStruct
                0x000167d0                TypeParseStruct
                0x00016a18                TypeParseFront
                0x00016be8                TypeParse
                0x00016c18                TypeParseIdentPart
                0x00016d48                TypeCleanupNode
                0x00016d8c                TypeCleanup
 .text          0x00016da0      0x830 picoc/variable.o
                0x00016da0                VariableDereferencePointer
                0x00016de8                VariableStringLiteralDefine
                0x00016e0c                VariableStringLiteralGet
                0x00016e38                VariableDefined
                0x00016ea0                VariableGet
                0x00016f08                VariableStackFramePop
                0x00016f48                VariableStackFrameAdd
                0x00016fc0                VariableInit
                0x00017010                VariableFree
                0x00017070                VariableTableCleanup
                0x000170bc                VariableCleanup
                0x000170dc                VariableStackPop
                0x00017140                VariableAlloc
                0x0001717c                VariableAllocValueFromExistingData
                0x000171b4                VariableAllocValueShared
                0x000171dc                VariableAllocValueAndData
                0x00017214                VariableDefinePlatformVar
                0x000172a8                VariableAllocValueAndCopy
                0x00017324                VariableAllocValueFromType
                0x0001738c                VariableDefine
                0x00017444                VariableDefineButIgnoreIdentical
 .text          0x000175d0     0x10d4 picoc/clibrary.o
                0x000175d0                BasicIOInit
                0x000175f8                SPutc
                0x0001760c                PrintCh
                0x00017620                PrintStr
                0x00017654                PrintRepeatedChar
                0x00017680                PrintUnsigned
                0x00017744                PrintInt
                0x0001778c                PrintSimpleInt
                0x000177a4                PrintType
                0x00017930                LibFabs
                0x00017950                LibStrcpy
                0x00017984                LibStrncpy
                0x000179e4                LibStrcmp
                0x00017a54                LibStrncmp
                0x00017aec                LibStrcat
                0x00017b30                LibIndex
                0x00017b7c                LibRindex
                0x00017bc0                LibStrlen
                0x00017bf0                LibMemcmp
                0x00017c74                LibMemcpy
                0x00017c94                LibMemset
                0x00017cb4                LibFree
                0x00017cc8                LibRealloc
                0x00017cf0                LibCalloc
                0x00017d18                LibMalloc
                0x00017d38                LibFloor
                0x00017d5c                LibRound
                0x00017d90                LibCeil
                0x00017db4                LibSqrt
                0x00017dd8                LibPow
                0x00017e08                LibLog10
                0x00017e2c                PrintFP
                0x00018030                LibLog
                0x00018054                LibExp
                0x00018078                LibTanh
                0x0001809c                LibCosh
                0x000180c0                LibSinh
                0x000180e4                LibAtan
                0x00018108                LibAcos
                0x0001812c                LibAsin
                0x00018150                LibTan
                0x00018174                LibCos
                0x00018198                LibSin
                0x000181bc                LibExit
                0x000181d0                LibGetc
                0x000181e8                LibGets
                0x00018230                GenericPrintf
                0x000184a0                LibSPrintf
                0x000184ec                LibPrintf
                0x00018510                CLibraryInit
                0x00018574                LibraryInit
                0x0001860c                LibraryAdd
 .text          0x000186a4      0x22c picoc/debug.o
                0x000186a4                DebugStep
                0x000186b4                DebugCheckStatement
                0x00018744                DebugClearBreakpoint
                0x000187c4                DebugCleanup
                0x0001880c                DebugSetBreakpoint
                0x000188a0                DebugInit
 .text          0x000188d0     0x19dc picoc/platform/library_surveyor.o
                0x000188d0                Ciodir
                0x00018908                Cioread
                0x00018928                Ciowrite
                0x00018950                Cpeek
                0x000189b8                Cpoke
                0x00018a08                Claser
                0x00018a60                Cbattery
                0x00018a90                Cvcolor
                0x00018b14                Cvdiff
                0x00018b30                Ccompassxcal
                0x00018b8c                Cabs
                0x00018ba8                Clineno
                0x00018bbc                Cpause
                0x00018bd4                Cerrormsg
                0x00018bf8                Ctime
                0x00018c10                Cautorun
                0x00018c78                Cnnset
                0x00018cc4                Cnnlearnblob
                0x00018d70                Cnnshow
                0x00018da0                Cnnmatchblob
                0x00018e94                Cnntest
                0x00018f24                Cnntrain
                0x00018f8c                Cnninit
                0x00018f98                Csqrt
                0x00018fb8                Cgps_dist
                0x00018fec                Cgps_head
                0x00019020                Catan
                0x00019048                Cacos
                0x00019084                Casin
                0x000190c0                Ctan
                0x000190e0                Ccos
                0x00019100                Csin
                0x00019120                Cwritei2c2
                0x00019168                Cwritei2c
                0x000191a8                Creadi2c2rs
                0x00019200                Creadi2crs
                0x00019250                Creadi2c2
                0x000192a8                Creadi2c
                0x000192f8                Cgps
                0x00019358                Canalogx
                0x0001938c                Canalog
                0x0001940c                Ctilt
                0x00019444                Ccompassx
                0x000194bc                Ccompass
                0x0001953c                Cvsend
                0x00019604                Coutput
                0x00019684                Cvjpeg
                0x000196e8                Cvblob
                0x000197dc                Cvmean
                0x0001981c                Cvscan
                0x0001988c                Cvpix
                0x000198d8                Cvrcap
                0x000198e4                Cvcap
                0x000198f0                Cvfind
                0x00019934                Cvcam
                0x00019978                Crange
                0x00019994                Csonar
                0x000199e0                Cservos2
                0x00019a58                Cservos
                0x00019ad0                Cinit_uart1
                0x00019ae4                Coutput1
                0x00019af8                Cmotorx
                0x00019bb8                Cmotors2
                0x00019c58                Cmotors
                0x00019cf8                Cencoderx
                0x00019d2c                Cencoders
                0x00019d54                Crand
                0x00019d7c                Cdelay
                0x00019db8                Cread_str
                0x00019e0c                Cread_int
                0x00019e50                Cinput
                0x00019e6c                Cinput1
                0x00019e88                Csignal1
                0x00019ea4                Csignal
                0x00019ec0                PlatformLibraryInit
 .text          0x0001a2ac      0x3d4 picoc/platform.o
                0x0001a2ac                PlatformMakeTempName
                0x0001a2ec                PlatformVPrintf
                0x0001a3b8                PlatformPrintf
                0x0001a3d0                PrintSourceTextErrorLine
                0x0001a4e4                PlatformErrorPrefix
                0x0001a508                LexFail
                0x0001a548                ProgramFail
                0x0001a57c                AssignFail
                0x0001a600                PicocCleanup
                0x0001a628                PicocInitialise
 .text          0x0001a680      0x2b8 picoc/platform/platform_surveyor.o
                0x0001a680                PlatformInit
                0x0001a690                PlatformCleanup
                0x0001a6a0                PlatformExit
                0x0001a6c4                PlatformGetCharacter
                0x0001a6d4                PlatformPutc
                0x0001a7ac                PlatformGetLine
 .text          0x0001a938      0x190 interrupts.o
                0x0001a938                Timer0_ISR
 .text          0x0001aac8      0x1ac sysinit.o
                0x0001aac8                init_program_clocks
                0x0001ab30                InitTMR0
                0x0001ab68                Init_Interrupts
                0x0001abe4                hardware_error_handler
 .text          0x0001ac74      0x1f0 system.o
                0x0001ac74                run_leds
                0x0001aca0                getUnaligned32
                0x0001acc8                atoi_b16
                0x0001ad10                atoi_b10
                0x0001ad30                strnstr
                0x0001ad90                ctoi
                0x0001adb4                _getpid
                0x0001adc4                hang
                0x0001adcc                get_seqstat
                0x0001addc                _kill
                0x0001adf4                strReplace
 *fill*         0x0001ae64        0x4 00
 .text          0x0001ae68       0xf0 r8x8dct.o
                0x0001ae68                _r8x8dct
 .text          0x0001af58      0x950 motionvect.o
                0x0001af58                _motionvect
                0x0001b3c0                hpel
                0x0001b4b0                _hpel_core1
                0x0001b5d0                _hpel_core2
                0x0001b720                _mve_core
 .text          0x0001b8a8      0x37c cache.o
                0x0001b8a8                dcache_reg_set
                0x0001b8d0                icache_reg_set
                0x0001b8f8                icache_setup
                0x0001b940                dcache_setup
                0x0001b988                cache_init
                0x0001bb94                dcache_enable
                0x0001bbc8                icache_enable
                0x0001bbf8                cache_status
 .text          0x0001bc24       0x4c options.o
                0x0001bc24                GetOption
                0x0001bc48                SetOption
 .text          0x0001bc70      0xa1c streaming.o
                0x0001bc70                StopAllStreaming
                0x0001bd08                StreamingTick
                0x0001be50                StreamingParseHokuyo
                0x0001be64                StreamingProcess
                0x0001c274                StreamingParseDigitalByte
                0x0001c378                StreamingParseDigitalBit
                0x0001c474                StreamingParseAnalogBit
                0x0001c504                StreamingShutdown
                0x0001c554                StreamingParsePicoC
 .text          0x0001c68c      0x430 c:/program files (x86)/analog devices/gnu toolchain/2011r1/elf/bin/../lib/gcc/bfin-elf/4.3.5/../../../../bfin-elf/lib\libm.a(lib_a-s_atan.o)
                0x0001c68c                atan
 .text          0x0001cabc      0x158 c:/program files (x86)/analog devices/gnu toolchain/2011r1/elf/bin/../lib/gcc/bfin-elf/4.3.5/../../../../bfin-elf/lib\libm.a(lib_a-s_ceil.o)
                0x0001cabc                ceil
 .text          0x0001cc14       0xd0 c:/program files (x86)/analog devices/gnu toolchain/2011r1/elf/bin/../lib/gcc/bfin-elf/4.3.5/../../../../bfin-elf/lib\libm.a(lib_a-s_cos.o)
                0x0001cc14                cos
 .text          0x0001cce4       0x10 c:/program files (x86)/analog devices/gnu toolchain/2011r1/elf/bin/../lib/gcc/bfin-elf/4.3.5/../../../../bfin-elf/lib\libm.a(lib_a-s_fabs.o)
                0x0001cce4                fabs
 .text          0x0001ccf4      0x15c c:/program files (x86)/analog devices/gnu toolchain/2011r1/elf/bin/../lib/gcc/bfin-elf/4.3.5/../../../../bfin-elf/lib\libm.a(lib_a-s_floor.o)
                0x0001ccf4                floor
 .text          0x0001ce50       0xd4 c:/program files (x86)/analog devices/gnu toolchain/2011r1/elf/bin/../lib/gcc/bfin-elf/4.3.5/../../../../bfin-elf/lib\libm.a(lib_a-s_sin.o)
                0x0001ce50                sin
 .text          0x0001cf24       0x78 c:/program files (x86)/analog devices/gnu toolchain/2011r1/elf/bin/../lib/gcc/bfin-elf/4.3.5/../../../../bfin-elf/lib\libm.a(lib_a-s_tan.o)
                0x0001cf24                tan
 .text          0x0001cf9c      0x164 c:/program files (x86)/analog devices/gnu toolchain/2011r1/elf/bin/../lib/gcc/bfin-elf/4.3.5/../../../../bfin-elf/lib\libm.a(lib_a-s_tanh.o)
                0x0001cf9c                tanh
 .text          0x0001d100       0xc0 c:/program files (x86)/analog devices/gnu toolchain/2011r1/elf/bin/../lib/gcc/bfin-elf/4.3.5/../../../../bfin-elf/lib\libm.a(lib_a-w_acos.o)
                0x0001d100                acos
 .text          0x0001d1c0       0xc0 c:/program files (x86)/analog devices/gnu toolchain/2011r1/elf/bin/../lib/gcc/bfin-elf/4.3.5/../../../../bfin-elf/lib\libm.a(lib_a-w_asin.o)
                0x0001d1c0                asin
 .text          0x0001d280       0xd8 c:/program files (x86)/analog devices/gnu toolchain/2011r1/elf/bin/../lib/gcc/bfin-elf/4.3.5/../../../../bfin-elf/lib\libm.a(lib_a-w_cosh.o)
                0x0001d280                cosh
 .text          0x0001d358      0x11c c:/program files (x86)/analog devices/gnu toolchain/2011r1/elf/bin/../lib/gcc/bfin-elf/4.3.5/../../../../bfin-elf/lib\libm.a(lib_a-w_exp.o)
                0x0001d358                exp
 .text          0x0001d474       0xfc c:/program files (x86)/analog devices/gnu toolchain/2011r1/elf/bin/../lib/gcc/bfin-elf/4.3.5/../../../../bfin-elf/lib\libm.a(lib_a-w_log.o)
                0x0001d474                log
 .text          0x0001d570       0xfc c:/program files (x86)/analog devices/gnu toolchain/2011r1/elf/bin/../lib/gcc/bfin-elf/4.3.5/../../../../bfin-elf/lib\libm.a(lib_a-w_log10.o)
                0x0001d570                log10
 .text          0x0001d66c      0x350 c:/program files (x86)/analog devices/gnu toolchain/2011r1/elf/bin/../lib/gcc/bfin-elf/4.3.5/../../../../bfin-elf/lib\libm.a(lib_a-w_pow.o)
                0x0001d66c                pow
 .text          0x0001d9bc       0xf4 c:/program files (x86)/analog devices/gnu toolchain/2011r1/elf/bin/../lib/gcc/bfin-elf/4.3.5/../../../../bfin-elf/lib\libm.a(lib_a-w_sinh.o)
                0x0001d9bc                sinh
 .text          0x0001dab0       0xb8 c:/program files (x86)/analog devices/gnu toolchain/2011r1/elf/bin/../lib/gcc/bfin-elf/4.3.5/../../../../bfin-elf/lib\libm.a(lib_a-w_sqrt.o)
                0x0001dab0                sqrt
 .text          0x0001db68      0x618 c:/program files (x86)/analog devices/gnu toolchain/2011r1/elf/bin/../lib/gcc/bfin-elf/4.3.5/../../../../bfin-elf/lib\libm.a(lib_a-e_acos.o)
                0x0001db68                __ieee754_acos
 .text          0x0001e180      0x598 c:/program files (x86)/analog devices/gnu toolchain/2011r1/elf/bin/../lib/gcc/bfin-elf/4.3.5/../../../../bfin-elf/lib\libm.a(lib_a-e_asin.o)
                0x0001e180                __ieee754_asin
 .text          0x0001e718      0x1cc c:/program files (x86)/analog devices/gnu toolchain/2011r1/elf/bin/../lib/gcc/bfin-elf/4.3.5/../../../../bfin-elf/lib\libm.a(lib_a-e_cosh.o)
                0x0001e718                __ieee754_cosh
 .text          0x0001e8e4      0x3ec c:/program files (x86)/analog devices/gnu toolchain/2011r1/elf/bin/../lib/gcc/bfin-elf/4.3.5/../../../../bfin-elf/lib\libm.a(lib_a-e_exp.o)
                0x0001e8e4                __ieee754_exp
 .text          0x0001ecd0      0x500 c:/program files (x86)/analog devices/gnu toolchain/2011r1/elf/bin/../lib/gcc/bfin-elf/4.3.5/../../../../bfin-elf/lib\libm.a(lib_a-e_log.o)
                0x0001ecd0                __ieee754_log
 .text          0x0001f1d0      0x150 c:/program files (x86)/analog devices/gnu toolchain/2011r1/elf/bin/../lib/gcc/bfin-elf/4.3.5/../../../../bfin-elf/lib\libm.a(lib_a-e_log10.o)
                0x0001f1d0                __ieee754_log10
 .text          0x0001f320      0xce4 c:/program files (x86)/analog devices/gnu toolchain/2011r1/elf/bin/../lib/gcc/bfin-elf/4.3.5/../../../../bfin-elf/lib\libm.a(lib_a-e_pow.o)
                0x0001f320                __ieee754_pow
 .text          0x00020004      0x514 c:/program files (x86)/analog devices/gnu toolchain/2011r1/elf/bin/../lib/gcc/bfin-elf/4.3.5/../../../../bfin-elf/lib\libm.a(lib_a-e_rem_pio2.o)
                0x00020004                __ieee754_rem_pio2
 .text          0x00020518      0x1e0 c:/program files (x86)/analog devices/gnu toolchain/2011r1/elf/bin/../lib/gcc/bfin-elf/4.3.5/../../../../bfin-elf/lib\libm.a(lib_a-e_sinh.o)
                0x00020518                __ieee754_sinh
 .text          0x000206f8      0x1b8 c:/program files (x86)/analog devices/gnu toolchain/2011r1/elf/bin/../lib/gcc/bfin-elf/4.3.5/../../../../bfin-elf/lib\libm.a(lib_a-e_sqrt.o)
                0x000206f8                __ieee754_sqrt
 .text          0x000208b0      0x2fc c:/program files (x86)/analog devices/gnu toolchain/2011r1/elf/bin/../lib/gcc/bfin-elf/4.3.5/../../../../bfin-elf/lib\libm.a(lib_a-k_cos.o)
                0x000208b0                __kernel_cos
 .text          0x00020bac      0x9cc c:/program files (x86)/analog devices/gnu toolchain/2011r1/elf/bin/../lib/gcc/bfin-elf/4.3.5/../../../../bfin-elf/lib\libm.a(lib_a-k_rem_pio2.o)
                0x00020bac                __kernel_rem_pio2
 .text          0x00021578      0x1c8 c:/program files (x86)/analog devices/gnu toolchain/2011r1/elf/bin/../lib/gcc/bfin-elf/4.3.5/../../../../bfin-elf/lib\libm.a(lib_a-k_sin.o)
                0x00021578                __kernel_sin
 .text          0x00021740      0x4b0 c:/program files (x86)/analog devices/gnu toolchain/2011r1/elf/bin/../lib/gcc/bfin-elf/4.3.5/../../../../bfin-elf/lib\libm.a(lib_a-k_tan.o)
                0x00021740                __kernel_tan
 .text          0x00021bf0      0x574 c:/program files (x86)/analog devices/gnu toolchain/2011r1/elf/bin/../lib/gcc/bfin-elf/4.3.5/../../../../bfin-elf/lib\libm.a(lib_a-s_expm1.o)
                0x00021bf0                expm1
 .text          0x00022164       0x18 c:/program files (x86)/analog devices/gnu toolchain/2011r1/elf/bin/../lib/gcc/bfin-elf/4.3.5/../../../../bfin-elf/lib\libm.a(lib_a-s_finite.o)
                0x00022164                finite
 .text          0x0002217c       0x94 c:/program files (x86)/analog devices/gnu toolchain/2011r1/elf/bin/../lib/gcc/bfin-elf/4.3.5/../../../../bfin-elf/lib\libm.a(lib_a-s_fpclassify.o)
                0x0002217c                __fpclassifyd
 .text          0x00022210       0x10 c:/program files (x86)/analog devices/gnu toolchain/2011r1/elf/bin/../lib/gcc/bfin-elf/4.3.5/../../../../bfin-elf/lib\libm.a(lib_a-s_matherr.o)
                0x00022210                matherr
 .text          0x00022220       0x14 c:/program files (x86)/analog devices/gnu toolchain/2011r1/elf/bin/../lib/gcc/bfin-elf/4.3.5/../../../../bfin-elf/lib\libm.a(lib_a-s_nan.o)
                0x00022220                nan
 .text          0x00022234      0x154 c:/program files (x86)/analog devices/gnu toolchain/2011r1/elf/bin/../lib/gcc/bfin-elf/4.3.5/../../../../bfin-elf/lib\libm.a(lib_a-s_rint.o)
                0x00022234                rint
 .text          0x00022388      0x16c c:/program files (x86)/analog devices/gnu toolchain/2011r1/elf/bin/../lib/gcc/bfin-elf/4.3.5/../../../../bfin-elf/lib\libm.a(lib_a-s_scalbn.o)
                0x00022388                scalbn
 .text          0x000224f4       0x1c c:/program files (x86)/analog devices/gnu toolchain/2011r1/elf/bin/../lib/gcc/bfin-elf/4.3.5/../../../../bfin-elf/lib\libm.a(lib_a-s_copysign.o)
                0x000224f4                copysign
 .text          0x00022510       0xa8 c:/program files (x86)/analog devices/gnu toolchain/2011r1/elf/bin/../lib/gcc/bfin-elf/4.3.5\libgcc.a(_divsi3.o)
                0x00022510                __divsi3
 .text          0x000225b8       0x9c c:/program files (x86)/analog devices/gnu toolchain/2011r1/elf/bin/../lib/gcc/bfin-elf/4.3.5\libgcc.a(_udivsi3.o)
                0x000225b8                __udivsi3
 .text          0x00022654       0x18 c:/program files (x86)/analog devices/gnu toolchain/2011r1/elf/bin/../lib/gcc/bfin-elf/4.3.5\libgcc.a(_umodsi3.o)
                0x00022654                __umodsi3
 .text          0x0002266c       0x18 c:/program files (x86)/analog devices/gnu toolchain/2011r1/elf/bin/../lib/gcc/bfin-elf/4.3.5\libgcc.a(_modsi3.o)
                0x0002266c                __modsi3
 .text          0x00022684      0x6b4 c:/program files (x86)/analog devices/gnu toolchain/2011r1/elf/bin/../lib/gcc/bfin-elf/4.3.5\libgcc.a(adddf3.o)
                0x00022684                __adddf3
 .text          0x00022d38      0x5fc c:/program files (x86)/analog devices/gnu toolchain/2011r1/elf/bin/../lib/gcc/bfin-elf/4.3.5\libgcc.a(divdf3.o)
                0x00022d38                __divdf3
 .text          0x00023334       0x98 c:/program files (x86)/analog devices/gnu toolchain/2011r1/elf/bin/../lib/gcc/bfin-elf/4.3.5\libgcc.a(eqdf2.o)
                0x00023334                __eqdf2
                0x00023334                __nedf2
 .text          0x000233cc       0xe4 c:/program files (x86)/analog devices/gnu toolchain/2011r1/elf/bin/../lib/gcc/bfin-elf/4.3.5\libgcc.a(gedf2.o)
                0x000233cc                __gtdf2
                0x000233cc                __gedf2
 .text          0x000234b0       0xe8 c:/program files (x86)/analog devices/gnu toolchain/2011r1/elf/bin/../lib/gcc/bfin-elf/4.3.5\libgcc.a(ledf2.o)
                0x000234b0                __ltdf2
                0x000234b0                __ledf2
 .text          0x00023598      0x4e0 c:/program files (x86)/analog devices/gnu toolchain/2011r1/elf/bin/../lib/gcc/bfin-elf/4.3.5\libgcc.a(muldf3.o)
                0x00023598                __muldf3
 .text          0x00023a78      0x6d4 c:/program files (x86)/analog devices/gnu toolchain/2011r1/elf/bin/../lib/gcc/bfin-elf/4.3.5\libgcc.a(subdf3.o)
                0x00023a78                __subdf3
 .text          0x0002414c       0x7c c:/program files (x86)/analog devices/gnu toolchain/2011r1/elf/bin/../lib/gcc/bfin-elf/4.3.5\libgcc.a(fixdfsi.o)
                0x0002414c                __fixdfsi
 .text          0x000241c8       0x78 c:/program files (x86)/analog devices/gnu toolchain/2011r1/elf/bin/../lib/gcc/bfin-elf/4.3.5\libgcc.a(fixunsdfsi.o)
                0x000241c8                __fixunsdfsi
 .text          0x00024240       0xa0 c:/program files (x86)/analog devices/gnu toolchain/2011r1/elf/bin/../lib/gcc/bfin-elf/4.3.5\libgcc.a(floatsidf.o)
                0x00024240                __floatsidf
 .text          0x000242e0       0x8c c:/program files (x86)/analog devices/gnu toolchain/2011r1/elf/bin/../lib/gcc/bfin-elf/4.3.5\libgcc.a(floatunsidf.o)
                0x000242e0                __floatunsidf
 .text          0x0002436c       0xc0 c:/program files (x86)/analog devices/gnu toolchain/2011r1/elf/bin/../lib/gcc/bfin-elf/4.3.5\libgcc.a(extendsfdf2.o)
                0x0002436c                __extendsfdf2
 .text          0x0002442c       0x50 c:/program files (x86)/analog devices/gnu toolchain/2011r1/elf/bin/../lib/gcc/bfin-elf/4.3.5\libgcc.a(_clzsi2.o)
                0x0002442c                __clzsi2
 .text          0x0002447c       0x50 c:/program files (x86)/analog devices/gnu toolchain/2011r1/elf/bin/../lib/gcc/bfin-elf/4.3.5/../../../../bfin-elf/lib\libc.a(lib_a-assert.o)
                0x0002447c                __assert_func
                0x000244c0                __assert
 .text          0x000244cc       0x18 c:/program files (x86)/analog devices/gnu toolchain/2011r1/elf/bin/../lib/gcc/bfin-elf/4.3.5/../../../../bfin-elf/lib\libc.a(lib_a-atexit.o)
                0x000244cc                atexit
 .text          0x000244e4       0x24 c:/program files (x86)/analog devices/gnu toolchain/2011r1/elf/bin/../lib/gcc/bfin-elf/4.3.5/../../../../bfin-elf/lib\libc.a(lib_a-atoi.o)
                0x000244e4                _atoi_r
                0x000244f8                atoi
 .text          0x00024508       0x1c c:/program files (x86)/analog devices/gnu toolchain/2011r1/elf/bin/../lib/gcc/bfin-elf/4.3.5/../../../../bfin-elf/lib\libc.a(lib_a-calloc.o)
                0x00024508                calloc
 .text          0x00024524       0x7c c:/program files (x86)/analog devices/gnu toolchain/2011r1/elf/bin/../lib/gcc/bfin-elf/4.3.5/../../../../bfin-elf/lib\libc.a(lib_a-callocr.o)
                0x00024524                _calloc_r
 .text          0x000245a0       0x14 c:/program files (x86)/analog devices/gnu toolchain/2011r1/elf/bin/../lib/gcc/bfin-elf/4.3.5/../../../../bfin-elf/lib\libc.a(lib_a-errno.o)
                0x000245a0                __errno
 .text          0x000245b4       0x2c c:/program files (x86)/analog devices/gnu toolchain/2011r1/elf/bin/../lib/gcc/bfin-elf/4.3.5/../../../../bfin-elf/lib\libc.a(lib_a-exit.o)
                0x000245b4                exit
 .text          0x000245e0      0x1bc c:/program files (x86)/analog devices/gnu toolchain/2011r1/elf/bin/../lib/gcc/bfin-elf/4.3.5/../../../../bfin-elf/lib\libc.a(lib_a-fflush.o)
                0x000245e0                _fflush_r
                0x00024764                fflush
 .text          0x0002479c      0x2a0 c:/program files (x86)/analog devices/gnu toolchain/2011r1/elf/bin/../lib/gcc/bfin-elf/4.3.5/../../../../bfin-elf/lib\libc.a(lib_a-findfp.o)
                0x0002479c                __sfp_lock_acquire
                0x000247ac                __sfp_lock_release
                0x000247bc                __sinit_lock_acquire
                0x000247cc                __sinit_lock_release
                0x000247fc                __fp_unlock_all
                0x0002481c                __fp_lock_all
                0x0002483c                _cleanup_r
                0x00024850                _cleanup
                0x000248d0                __sinit
                0x00024934                __sfmoreglue
                0x00024970                __sfp
 .text          0x00024a3c       0x40 c:/program files (x86)/analog devices/gnu toolchain/2011r1/elf/bin/../lib/gcc/bfin-elf/4.3.5/../../../../bfin-elf/lib\libc.a(lib_a-fiprintf.o)
                0x00024a3c                fiprintf
                0x00024a68                _fiprintf_r
 .text          0x00024a7c      0x2bc c:/program files (x86)/analog devices/gnu toolchain/2011r1/elf/bin/../lib/gcc/bfin-elf/4.3.5/../../../../bfin-elf/lib\libc.a(lib_a-freer.o)
                0x00024a7c                _malloc_trim_r
                0x00024b34                _free_r
 .text          0x00024d38       0xe8 c:/program files (x86)/analog devices/gnu toolchain/2011r1/elf/bin/../lib/gcc/bfin-elf/4.3.5/../../../../bfin-elf/lib\libc.a(lib_a-fwalk.o)
                0x00024d38                _fwalk_reent
                0x00024db0                _fwalk
 .text          0x00024e20       0xc8 c:/program files (x86)/analog devices/gnu toolchain/2011r1/elf/bin/../lib/gcc/bfin-elf/4.3.5/../../../../bfin-elf/lib\libc.a(lib_a-longjmp.o)
                0x00024e20                longjmp
 .text          0x00024ee8       0x30 c:/program files (x86)/analog devices/gnu toolchain/2011r1/elf/bin/../lib/gcc/bfin-elf/4.3.5/../../../../bfin-elf/lib\libc.a(lib_a-malloc.o)
                0x00024ee8                free
                0x00024f00                malloc
 .text          0x00024f18      0x55c c:/program files (x86)/analog devices/gnu toolchain/2011r1/elf/bin/../lib/gcc/bfin-elf/4.3.5/../../../../bfin-elf/lib\libc.a(lib_a-mallocr.o)
                0x00024f18                _malloc_r
 .text          0x00025474       0xa4 c:/program files (x86)/analog devices/gnu toolchain/2011r1/elf/bin/../lib/gcc/bfin-elf/4.3.5/../../../../bfin-elf/lib\libc.a(lib_a-memcpy.o)
                0x00025474                memcpy
 .text          0x00025518       0xd4 c:/program files (x86)/analog devices/gnu toolchain/2011r1/elf/bin/../lib/gcc/bfin-elf/4.3.5/../../../../bfin-elf/lib\libc.a(lib_a-memmove.o)
                0x00025518                memmove
 .text          0x000255ec       0xb8 c:/program files (x86)/analog devices/gnu toolchain/2011r1/elf/bin/../lib/gcc/bfin-elf/4.3.5/../../../../bfin-elf/lib\libc.a(lib_a-memset.o)
                0x000255ec                memset
 .text          0x000256a4       0x20 c:/program files (x86)/analog devices/gnu toolchain/2011r1/elf/bin/../lib/gcc/bfin-elf/4.3.5/../../../../bfin-elf/lib\libc.a(lib_a-mlock.o)
                0x000256a4                __malloc_lock
                0x000256b4                __malloc_unlock
 .text          0x000256c4       0x48 c:/program files (x86)/analog devices/gnu toolchain/2011r1/elf/bin/../lib/gcc/bfin-elf/4.3.5/../../../../bfin-elf/lib\libc.a(lib_a-printf.o)
                0x000256c4                printf
                0x000256ec                _printf_r
 .text          0x0002570c       0x2c c:/program files (x86)/analog devices/gnu toolchain/2011r1/elf/bin/../lib/gcc/bfin-elf/4.3.5/../../../../bfin-elf/lib\libc.a(lib_a-putchar.o)
                0x0002570c                putchar
                0x00025728                _putchar_r
 .text          0x00025738       0x88 c:/program files (x86)/analog devices/gnu toolchain/2011r1/elf/bin/../lib/gcc/bfin-elf/4.3.5/../../../../bfin-elf/lib\libc.a(lib_a-puts.o)
                0x00025738                _puts_r
                0x000257a8                puts
 .text          0x000257c0       0x6c c:/program files (x86)/analog devices/gnu toolchain/2011r1/elf/bin/../lib/gcc/bfin-elf/4.3.5/../../../../bfin-elf/lib\libc.a(lib_a-rand.o)
                0x000257c0                srand
                0x000257e0                rand
 .text          0x0002582c       0x1c c:/program files (x86)/analog devices/gnu toolchain/2011r1/elf/bin/../lib/gcc/bfin-elf/4.3.5/../../../../bfin-elf/lib\libc.a(lib_a-realloc.o)
                0x0002582c                realloc
 .text          0x00025848      0x358 c:/program files (x86)/analog devices/gnu toolchain/2011r1/elf/bin/../lib/gcc/bfin-elf/4.3.5/../../../../bfin-elf/lib\libc.a(lib_a-reallocr.o)
                0x00025848                _realloc_r
 .text          0x00025ba0       0x30 c:/program files (x86)/analog devices/gnu toolchain/2011r1/elf/bin/../lib/gcc/bfin-elf/4.3.5/../../../../bfin-elf/lib\libc.a(lib_a-sbrkr.o)
                0x00025ba0                _sbrk_r
 .text          0x00025bd0       0xbc c:/program files (x86)/analog devices/gnu toolchain/2011r1/elf/bin/../lib/gcc/bfin-elf/4.3.5/../../../../bfin-elf/lib\libc.a(lib_a-setjmp.o)
                0x00025bd0                setjmp
 .text          0x00025c8c       0x90 c:/program files (x86)/analog devices/gnu toolchain/2011r1/elf/bin/../lib/gcc/bfin-elf/4.3.5/../../../../bfin-elf/lib\libc.a(lib_a-sprintf.o)
                0x00025c8c                sprintf
                0x00025cdc                _sprintf_r
 .text          0x00025d1c       0xb4 c:/program files (x86)/analog devices/gnu toolchain/2011r1/elf/bin/../lib/gcc/bfin-elf/4.3.5/../../../../bfin-elf/lib\libc.a(lib_a-sscanf.o)
                0x00025d1c                _sscanf_r
                0x00025d74                sscanf
 .text          0x00025dd0       0xe4 c:/program files (x86)/analog devices/gnu toolchain/2011r1/elf/bin/../lib/gcc/bfin-elf/4.3.5/../../../../bfin-elf/lib\libc.a(lib_a-stdio.o)
                0x00025dd0                __seofread
                0x00025de0                __sclose
                0x00025df0                __sseek
                0x00025e30                __swrite
                0x00025e70                __sread
 .text          0x00025eb4      0x12c c:/program files (x86)/analog devices/gnu toolchain/2011r1/elf/bin/../lib/gcc/bfin-elf/4.3.5/../../../../bfin-elf/lib\libc.a(lib_a-strchr.o)
                0x00025eb4                strchr
 .text          0x00025fe0       0x7c c:/program files (x86)/analog devices/gnu toolchain/2011r1/elf/bin/../lib/gcc/bfin-elf/4.3.5/../../../../bfin-elf/lib\libc.a(lib_a-strcmp.o)
                0x00025fe0                strcmp
 .text          0x0002605c       0x88 c:/program files (x86)/analog devices/gnu toolchain/2011r1/elf/bin/../lib/gcc/bfin-elf/4.3.5/../../../../bfin-elf/lib\libc.a(lib_a-strlen.o)
                0x0002605c                strlen
 .text          0x000260e4       0xd8 c:/program files (x86)/analog devices/gnu toolchain/2011r1/elf/bin/../lib/gcc/bfin-elf/4.3.5/../../../../bfin-elf/lib\libc.a(lib_a-strncmp.o)
                0x000260e4                strncmp
 .text          0x000261bc       0xa4 c:/program files (x86)/analog devices/gnu toolchain/2011r1/elf/bin/../lib/gcc/bfin-elf/4.3.5/../../../../bfin-elf/lib\libc.a(lib_a-strncpy.o)
                0x000261bc                strncpy
 .text          0x00026260      0x674 c:/program files (x86)/analog devices/gnu toolchain/2011r1/elf/bin/../lib/gcc/bfin-elf/4.3.5/../../../../bfin-elf/lib\libc.a(lib_a-strstr.o)
                0x00026618                strstr
 .text          0x000268d4      0xfd4 c:/program files (x86)/analog devices/gnu toolchain/2011r1/elf/bin/../lib/gcc/bfin-elf/4.3.5/../../../../bfin-elf/lib\libc.a(lib_a-strtod.o)
                0x000268d4                _strtod_r
                0x0002784c                strtof
                0x0002788c                strtod
 .text          0x000278a8       0x24 c:/program files (x86)/analog devices/gnu toolchain/2011r1/elf/bin/../lib/gcc/bfin-elf/4.3.5/../../../../bfin-elf/lib\libc.a(lib_a-strtok.o)
                0x000278a8                strtok
 .text          0x000278cc       0x98 c:/program files (x86)/analog devices/gnu toolchain/2011r1/elf/bin/../lib/gcc/bfin-elf/4.3.5/../../../../bfin-elf/lib\libc.a(lib_a-strtok_r.o)
                0x000278cc                __strtok_r
                0x00027950                strtok_r
 .text          0x00027964      0x18c c:/program files (x86)/analog devices/gnu toolchain/2011r1/elf/bin/../lib/gcc/bfin-elf/4.3.5/../../../../bfin-elf/lib\libc.a(lib_a-strtol.o)
                0x00027964                _strtol_r
                0x00027ac0                strtol
 .text          0x00027af0     0x1650 c:/program files (x86)/analog devices/gnu toolchain/2011r1/elf/bin/../lib/gcc/bfin-elf/4.3.5/../../../../bfin-elf/lib\libc.a(lib_a-svfprintf.o)
                0x00027af0                _svfprintf_r
 .text          0x00029140      0xd50 c:/program files (x86)/analog devices/gnu toolchain/2011r1/elf/bin/../lib/gcc/bfin-elf/4.3.5/../../../../bfin-elf/lib\libc.a(lib_a-svfscanf.o)
                0x00029140                __ssvfscanf_r
 .text          0x00029e90      0xb40 c:/program files (x86)/analog devices/gnu toolchain/2011r1/elf/bin/../lib/gcc/bfin-elf/4.3.5/../../../../bfin-elf/lib\libc.a(lib_a-vfiprintf.o)
                0x00029e90                __sprint_r
                0x00029f28                _vfiprintf_r
                0x0002a9a0                vfiprintf
 .text          0x0002a9d0     0x1774 c:/program files (x86)/analog devices/gnu toolchain/2011r1/elf/bin/../lib/gcc/bfin-elf/4.3.5/../../../../bfin-elf/lib\libc.a(lib_a-vfprintf.o)
                0x0002a9d0                _vfprintf_r
                0x0002c114                vfprintf
 .text          0x0002c144      0x100 c:/program files (x86)/analog devices/gnu toolchain/2011r1/elf/bin/../lib/gcc/bfin-elf/4.3.5/../../../../bfin-elf/lib\libc.a(lib_a-wbuf.o)
                0x0002c144                __swbuf_r
                0x0002c228                __swbuf
 .text          0x0002c244       0x3c c:/program files (x86)/analog devices/gnu toolchain/2011r1/elf/bin/../lib/gcc/bfin-elf/4.3.5/../../../../bfin-elf/lib\libc.a(lib_a-writer.o)
                0x0002c244                _write_r
 .text          0x0002c280       0xe0 c:/program files (x86)/analog devices/gnu toolchain/2011r1/elf/bin/../lib/gcc/bfin-elf/4.3.5/../../../../bfin-elf/lib\libc.a(lib_a-wsetup.o)
                0x0002c280                __swsetup_r
 .text          0x0002c360       0xbc c:/program files (x86)/analog devices/gnu toolchain/2011r1/elf/bin/../lib/gcc/bfin-elf/4.3.5/../../../../bfin-elf/lib\libc.a(lib_a-__atexit.o)
                0x0002c360                __register_exitproc
 .text          0x0002c41c      0x100 c:/program files (x86)/analog devices/gnu toolchain/2011r1/elf/bin/../lib/gcc/bfin-elf/4.3.5/../../../../bfin-elf/lib\libc.a(lib_a-__call_atexit.o)
                0x0002c41c                __call_exitprocs
 .text          0x0002c51c       0x10 c:/program files (x86)/analog devices/gnu toolchain/2011r1/elf/bin/../lib/gcc/bfin-elf/4.3.5/../../../../bfin-elf/lib\libc.a(lib_a-abort.o)
                0x0002c51c                abort
 .text          0x0002c52c       0x38 c:/program files (x86)/analog devices/gnu toolchain/2011r1/elf/bin/../lib/gcc/bfin-elf/4.3.5/../../../../bfin-elf/lib\libc.a(lib_a-closer.o)
                0x0002c52c                _close_r
 .text          0x0002c564     0x1018 c:/program files (x86)/analog devices/gnu toolchain/2011r1/elf/bin/../lib/gcc/bfin-elf/4.3.5/../../../../bfin-elf/lib\libc.a(lib_a-dtoa.o)
                0x0002c6bc                _dtoa_r
 .text          0x0002d57c       0xdc c:/program files (x86)/analog devices/gnu toolchain/2011r1/elf/bin/../lib/gcc/bfin-elf/4.3.5/../../../../bfin-elf/lib\libc.a(lib_a-fclose.o)
                0x0002d57c                _fclose_r
                0x0002d640                fclose
 .text          0x0002d658      0x12c c:/program files (x86)/analog devices/gnu toolchain/2011r1/elf/bin/../lib/gcc/bfin-elf/4.3.5/../../../../bfin-elf/lib\libc.a(lib_a-fputwc.o)
                0x0002d658                _fputwc_r
                0x0002d750                fputwc
 .text          0x0002d784      0x300 c:/program files (x86)/analog devices/gnu toolchain/2011r1/elf/bin/../lib/gcc/bfin-elf/4.3.5/../../../../bfin-elf/lib\libc.a(lib_a-fvwrite.o)
                0x0002d784                __sfvwrite_r
 .text          0x0002da84      0x6c4 c:/program files (x86)/analog devices/gnu toolchain/2011r1/elf/bin/../lib/gcc/bfin-elf/4.3.5/../../../../bfin-elf/lib\libc.a(lib_a-gdtoa-gethex.o)
                0x0002da84                __hexdig_init
                0x0002dbb4                __gethex
 .text          0x0002e148      0x1b8 c:/program files (x86)/analog devices/gnu toolchain/2011r1/elf/bin/../lib/gcc/bfin-elf/4.3.5/../../../../bfin-elf/lib\libc.a(lib_a-gdtoa-hexnan.o)
                0x0002e148                __hexnan
 .text          0x0002e300       0x30 c:/program files (x86)/analog devices/gnu toolchain/2011r1/elf/bin/../lib/gcc/bfin-elf/4.3.5/../../../../bfin-elf/lib\libc.a(lib_a-iswspace.o)
                0x0002e300                iswspace
 .text          0x0002e330       0xe8 c:/program files (x86)/analog devices/gnu toolchain/2011r1/elf/bin/../lib/gcc/bfin-elf/4.3.5/../../../../bfin-elf/lib\libc.a(lib_a-locale.o)
                0x0002e330                __locale_charset
                0x0002e344                __locale_mb_cur_max
                0x0002e358                __locale_msgcharset
                0x0002e36c                __locale_cjk_lang
                0x0002e37c                _localeconv_r
                0x0002e390                localeconv
                0x0002e3a4                _setlocale_r
                0x0002e3fc                setlocale
 .text          0x0002e418       0x3c c:/program files (x86)/analog devices/gnu toolchain/2011r1/elf/bin/../lib/gcc/bfin-elf/4.3.5/../../../../bfin-elf/lib\libc.a(lib_a-lseekr.o)
                0x0002e418                _lseek_r
 .text          0x0002e454       0xf0 c:/program files (x86)/analog devices/gnu toolchain/2011r1/elf/bin/../lib/gcc/bfin-elf/4.3.5/../../../../bfin-elf/lib\libc.a(lib_a-makebuf.o)
                0x0002e454                __smakebuf_r
 .text          0x0002e544       0xfc c:/program files (x86)/analog devices/gnu toolchain/2011r1/elf/bin/../lib/gcc/bfin-elf/4.3.5/../../../../bfin-elf/lib\libc.a(lib_a-mbrtowc.o)
                0x0002e544                mbrtowc
                0x0002e5cc                _mbrtowc_r
 .text          0x0002e640       0x74 c:/program files (x86)/analog devices/gnu toolchain/2011r1/elf/bin/../lib/gcc/bfin-elf/4.3.5/../../../../bfin-elf/lib\libc.a(lib_a-mbtowc_r.o)
                0x0002e640                __ascii_mbtowc
                0x0002e67c                _mbtowc_r
 .text          0x0002e6b4       0xcc c:/program files (x86)/analog devices/gnu toolchain/2011r1/elf/bin/../lib/gcc/bfin-elf/4.3.5/../../../../bfin-elf/lib\libc.a(lib_a-memchr.o)
                0x0002e6b4                memchr
 .text          0x0002e780       0x78 c:/program files (x86)/analog devices/gnu toolchain/2011r1/elf/bin/../lib/gcc/bfin-elf/4.3.5/../../../../bfin-elf/lib\libc.a(lib_a-memcmp.o)
                0x0002e780                memcmp
 .text          0x0002e7f8      0xa70 c:/program files (x86)/analog devices/gnu toolchain/2011r1/elf/bin/../lib/gcc/bfin-elf/4.3.5/../../../../bfin-elf/lib\libc.a(lib_a-mprec.o)
                0x0002e7f8                _Bfree
                0x0002e81c                __hi0bits
                0x0002e878                __lo0bits
                0x0002e904                __mcmp
                0x0002e950                __ulp
                0x0002e9ac                __b2d
                0x0002ea78                __ratio
                0x0002eadc                _mprec_log10
                0x0002eb2c                __copybits
                0x0002eb7c                __any_on
                0x0002ebf0                _Balloc
                0x0002ec58                __d2b
                0x0002ed34                __mdiff
                0x0002ee50                __lshift
                0x0002ef08                __multiply
                0x0002f058                __i2b
                0x0002f078                __multadd
                0x0002f108                __pow5mult
                0x0002f1cc                __s2b
 .text          0x0002f268      0x120 c:/program files (x86)/analog devices/gnu toolchain/2011r1/elf/bin/../lib/gcc/bfin-elf/4.3.5/../../../../bfin-elf/lib\libc.a(lib_a-putc.o)
                0x0002f268                putc
                0x0002f2fc                _putc_r
 .text          0x0002f388       0x3c c:/program files (x86)/analog devices/gnu toolchain/2011r1/elf/bin/../lib/gcc/bfin-elf/4.3.5/../../../../bfin-elf/lib\libc.a(lib_a-readr.o)
                0x0002f388                _read_r
 .text          0x0002f3c4       0xa4 c:/program files (x86)/analog devices/gnu toolchain/2011r1/elf/bin/../lib/gcc/bfin-elf/4.3.5/../../../../bfin-elf/lib\libc.a(lib_a-sccl.o)
                0x0002f3c4                __sccl
 .text          0x0002f468       0x10 c:/program files (x86)/analog devices/gnu toolchain/2011r1/elf/bin/../lib/gcc/bfin-elf/4.3.5/../../../../bfin-elf/lib\libc.a(lib_a-sf_nan.o)
                0x0002f468                nanf
 .text          0x0002f478      0x1e4 c:/program files (x86)/analog devices/gnu toolchain/2011r1/elf/bin/../lib/gcc/bfin-elf/4.3.5/../../../../bfin-elf/lib\libc.a(lib_a-signal.o)
                0x0002f478                _raise_r
                0x0002f4e8                raise
                0x0002f500                _init_signal_r
                0x0002f544                _init_signal
                0x0002f55c                __sigtramp_r
                0x0002f5d0                __sigtramp
                0x0002f5e8                _signal_r
                0x0002f640                signal
 .text          0x0002f65c       0x44 c:/program files (x86)/analog devices/gnu toolchain/2011r1/elf/bin/../lib/gcc/bfin-elf/4.3.5/../../../../bfin-elf/lib\libc.a(lib_a-signalr.o)
                0x0002f65c                _getpid_r
                0x0002f668                _kill_r
 .text          0x0002f6a0      0x190 c:/program files (x86)/analog devices/gnu toolchain/2011r1/elf/bin/../lib/gcc/bfin-elf/4.3.5/../../../../bfin-elf/lib\libc.a(lib_a-strtoul.o)
                0x0002f6a0                _strtoul_r
                0x0002f800                strtoul
 .text          0x0002f830      0xa8c c:/program files (x86)/analog devices/gnu toolchain/2011r1/elf/bin/../lib/gcc/bfin-elf/4.3.5/../../../../bfin-elf/lib\libc.a(lib_a-svfiprintf.o)
                0x0002f830                __ssprint_r
                0x0002f964                _svfiprintf_r
 .text          0x000302bc      0xb04 c:/program files (x86)/analog devices/gnu toolchain/2011r1/elf/bin/../lib/gcc/bfin-elf/4.3.5/../../../../bfin-elf/lib\libc.a(lib_a-svfiscanf.o)
                0x000302bc                __ssrefill_r
                0x00030314                _sfread_r
                0x000303a8                _sungetc_r
                0x00030458                __ssvfiscanf_r
 .text          0x00030dc0      0x1cc c:/program files (x86)/analog devices/gnu toolchain/2011r1/elf/bin/../lib/gcc/bfin-elf/4.3.5/../../../../bfin-elf/lib\libc.a(lib_a-ungetc.o)
                0x00030dc0                __submore
                0x00030e54                _ungetc_r
                0x00030f70                ungetc
 .text          0x00030f8c       0xe0 c:/program files (x86)/analog devices/gnu toolchain/2011r1/elf/bin/../lib/gcc/bfin-elf/4.3.5/../../../../bfin-elf/lib\libc.a(lib_a-wcrtomb.o)
                0x00030f8c                wcrtomb
                0x00031004                _wcrtomb_r
 .text          0x0003106c       0x64 c:/program files (x86)/analog devices/gnu toolchain/2011r1/elf/bin/../lib/gcc/bfin-elf/4.3.5/../../../../bfin-elf/lib\libc.a(lib_a-wctomb_r.o)
                0x0003106c                __ascii_wctomb
                0x0003109c                _wctomb_r
 .text          0x000310d0       0x38 c:/program files (x86)/analog devices/gnu toolchain/2011r1/elf/bin/../lib/gcc/bfin-elf/4.3.5/../../../../bfin-elf/lib\libc.a(lib_a-fstatr.o)
                0x000310d0                _fstat_r
 .text          0x00031108       0x38 c:/program files (x86)/analog devices/gnu toolchain/2011r1/elf/bin/../lib/gcc/bfin-elf/4.3.5/../../../../bfin-elf/lib\libc.a(lib_a-isattyr.o)
                0x00031108                _isatty_r
 .text          0x00031140        0x8 c:/program files (x86)/analog devices/gnu toolchain/2011r1/elf/bin/../lib/gcc/bfin-elf/4.3.5/../../../../bfin-elf/lib\libbfinbsp.a(_exit.o)
                0x00031140                _exit
 .text          0x00031148       0x38 c:/program files (x86)/analog devices/gnu toolchain/2011r1/elf/bin/../lib/gcc/bfin-elf/4.3.5/../../../../bfin-elf/lib\libnosys.a(sbrk.o)
                0x00031148                _sbrk
 .text          0x00031180       0x4c c:/program files (x86)/analog devices/gnu toolchain/2011r1/elf/bin/../lib/gcc/bfin-elf/4.3.5\libgcc.a(_muldi3.o)
                0x00031180                __muldi3
 .text          0x000311cc      0x17c c:/program files (x86)/analog devices/gnu toolchain/2011r1/elf/bin/../lib/gcc/bfin-elf/4.3.5\libgcc.a(truncdfsf2.o)
                0x000311cc                __truncdfsf2
 .text          0x00031348       0x38 c:/program files (x86)/analog devices/gnu toolchain/2011r1/elf/bin/../lib/gcc/bfin-elf/4.3.5/crtend.o

.init           0x00031380       0x12
 *(.init)
 .init          0x00031380        0x4 c:/program files (x86)/analog devices/gnu toolchain/2011r1/elf/bin/../lib/gcc/bfin-elf/4.3.5/crti.o
                0x00031380                _init
 .init          0x00031384        0x4 c:/program files (x86)/analog devices/gnu toolchain/2011r1/elf/bin/../lib/gcc/bfin-elf/4.3.5/crtbegin.o
 .init          0x00031388        0x4 c:/program files (x86)/analog devices/gnu toolchain/2011r1/elf/bin/../lib/gcc/bfin-elf/4.3.5/crtend.o
 .init          0x0003138c        0x6 c:/program files (x86)/analog devices/gnu toolchain/2011r1/elf/bin/../lib/gcc/bfin-elf/4.3.5/crtn.o

.fini           0x00031392        0xe
 *(.fini)
 .fini          0x00031392        0x4 c:/program files (x86)/analog devices/gnu toolchain/2011r1/elf/bin/../lib/gcc/bfin-elf/4.3.5/crti.o
                0x00031392                _fini
 .fini          0x00031396        0x4 c:/program files (x86)/analog devices/gnu toolchain/2011r1/elf/bin/../lib/gcc/bfin-elf/4.3.5/crtbegin.o
 .fini          0x0003139a        0x6 c:/program files (x86)/analog devices/gnu toolchain/2011r1/elf/bin/../lib/gcc/bfin-elf/4.3.5/crtn.o

.rodata         0x00100000     0x618c
                0x00100000                PROVIDE (__etext, .)
                0x00100000                PROVIDE (_etext, .)
                0x00100000                PROVIDE (etext, .)
 *(.rodata .rodata.*)
 .rodata.str1.4
                0x00100000      0x10a main.o
                                0x114 (size before relaxing)
 *fill*         0x0010010a        0x2 00
 .rodata        0x0010010c      0x504 main.o
 .rodata        0x00100610      0x244 rcm-bfin.o
 .rodata.str1.4
                0x00100854      0xa10 rcm-bfin.o
                                0xa20 (size before relaxing)
 .rodata        0x00101264       0x3c intuart.o
 .rodata.str1.4
                0x001012a0       0x6d intuart.o
                                 0x70 (size before relaxing)
 *fill*         0x0010130d        0x3 00
 .rodata.str1.4
                0x00101310       0xd5 stm_m25p32.o
                                 0xd8 (size before relaxing)
 *fill*         0x001013e5        0x3 00
 .rodata.str1.4
                0x001013e8      0x445 httpd.o
                                0x488 (size before relaxing)
 *fill*         0x0010182d        0x3 00
 .rodata        0x00101830      0x3c8 httpd.o
 .rodata.str1.4
                0x00101bf8       0x7b xmodem.o
                                 0x7c (size before relaxing)
 *fill*         0x00101c73        0x1 00
 .rodata        0x00101c74      0x200 xmodem.o
 .rodata.str1.4
                0x00101e74       0xb6 edit.o
                                 0xb8 (size before relaxing)
 *fill*         0x00101f2a        0x2 00
 .rodata        0x00101f2c       0x5c edit.o
 .rodata.str1.4
                0x00101f88       0x13 myfunc.o
                                 0x14 (size before relaxing)
 *fill*         0x00101f9b        0x1 00
 .rodata.str1.4
                0x00101f9c        0x4 neural.o
                                  0xc (size before relaxing)
 .rodata.str1.4
                0x00101fa0       0x92 gps.o
                                 0x94 (size before relaxing)
 *fill*         0x00102032        0x2 00
 .rodata        0x00102034      0x16c gps.o
 .rodata.str1.4
                0x001021a0       0x5c hokuyo.o
 .rodata.str1.4
                0x001021fc       0x17 picoc/picoc.o
                                 0x18 (size before relaxing)
 *fill*         0x00102213        0x1 00
 .rodata.str1.4
                0x00102214        0xe picoc/table.o
                                 0x14 (size before relaxing)
 *fill*         0x00102222        0x2 00
 .rodata        0x00102224      0x32c picoc/lex.o
 .rodata.str1.4
                0x00102550      0x26a picoc/lex.o
                                0x288 (size before relaxing)
 *fill*         0x001027ba        0x2 00
 .rodata.str1.4
                0x001027bc      0x245 picoc/parse.o
                                0x270 (size before relaxing)
 *fill*         0x00102a01        0x3 00
 .rodata        0x00102a04      0x12c picoc/parse.o
 .rodata        0x00102b30      0x388 picoc/expression.o
 .rodata.str1.4
                0x00102eb8      0x48a picoc/expression.o
                                0x4f0 (size before relaxing)
 *fill*         0x00103342        0x2 00
 .rodata.str1.4
                0x00103344      0x347 picoc/heap.o
                                0x348 (size before relaxing)
 *fill*         0x0010368b        0x1 00
 .rodata        0x0010368c       0x2c picoc/heap.o
 .rodata.str1.4
                0x001036b8      0x121 picoc/type.o
                                0x158 (size before relaxing)
 *fill*         0x001037d9        0x3 00
 .rodata        0x001037dc       0x60 picoc/type.o
 .rodata.str1.4
                0x0010383c       0x81 picoc/variable.o
                                 0xc0 (size before relaxing)
 *fill*         0x001038bd        0x3 00
 .rodata        0x001038c0       0x38 picoc/variable.o
 .rodata.str1.4
                0x001038f8      0x437 picoc/clibrary.o
                                0x478 (size before relaxing)
 *fill*         0x00103d2f        0x1 00
 .rodata        0x00103d30       0xa8 picoc/clibrary.o
 .rodata.str1.4
                0x00103dd8       0x12 picoc/debug.o
                                 0x24 (size before relaxing)
 *fill*         0x00103dea        0x2 00
 .rodata.str1.4
                0x00103dec      0xaba picoc/platform/library_surveyor.o
                                0xad0 (size before relaxing)
 *fill*         0x001048a6        0x2 00
 .rodata.str1.4
                0x001048a8       0x44 picoc/platform.o
                                 0x58 (size before relaxing)
 .rodata.str1.4
                0x001048ec       0x11 picoc/platform/platform_surveyor.o
                                 0x14 (size before relaxing)
 *fill*         0x001048fd        0x3 00
 .rodata.str1.4
                0x00104900       0x17 sysinit.o
                                 0x18 (size before relaxing)
 *fill*         0x00104917        0x1 00
 .rodata.str1.4
                0x00104918        0xe system.o
                                 0x10 (size before relaxing)
 *fill*         0x00104926        0x2 00
 .rodata.str1.4
                0x00104928       0x95 streaming.o
                                 0x9c (size before relaxing)
 *fill*         0x001049bd        0x3 00
 .rodata        0x001049c0       0x40 c:/program files (x86)/analog devices/gnu toolchain/2011r1/elf/bin/../lib/gcc/bfin-elf/4.3.5/../../../../bfin-elf/lib\libm.a(lib_a-s_atan.o)
 .rodata.str1.4
                0x00104a00        0x5 c:/program files (x86)/analog devices/gnu toolchain/2011r1/elf/bin/../lib/gcc/bfin-elf/4.3.5/../../../../bfin-elf/lib\libm.a(lib_a-w_acos.o)
                                  0xc (size before relaxing)
 *fill*         0x00104a05        0x3 00
 .rodata.str1.4
                0x00104a08        0x5 c:/program files (x86)/analog devices/gnu toolchain/2011r1/elf/bin/../lib/gcc/bfin-elf/4.3.5/../../../../bfin-elf/lib\libm.a(lib_a-w_asin.o)
                                  0xc (size before relaxing)
 *fill*         0x00104a0d        0x3 00
 .rodata.str1.4
                0x00104a10        0x5 c:/program files (x86)/analog devices/gnu toolchain/2011r1/elf/bin/../lib/gcc/bfin-elf/4.3.5/../../../../bfin-elf/lib\libm.a(lib_a-w_cosh.o)
                                  0x8 (size before relaxing)
 *fill*         0x00104a15        0x3 00
 .rodata.str1.4
                0x00104a18        0x4 c:/program files (x86)/analog devices/gnu toolchain/2011r1/elf/bin/../lib/gcc/bfin-elf/4.3.5/../../../../bfin-elf/lib\libm.a(lib_a-w_exp.o)
 .rodata.str1.4
                0x00104a1c        0x4 c:/program files (x86)/analog devices/gnu toolchain/2011r1/elf/bin/../lib/gcc/bfin-elf/4.3.5/../../../../bfin-elf/lib\libm.a(lib_a-w_log.o)
                                  0x8 (size before relaxing)
 .rodata.str1.4
                0x00104a20        0x6 c:/program files (x86)/analog devices/gnu toolchain/2011r1/elf/bin/../lib/gcc/bfin-elf/4.3.5/../../../../bfin-elf/lib\libm.a(lib_a-w_log10.o)
                                  0xc (size before relaxing)
 *fill*         0x00104a26        0x2 00
 .rodata.str1.4
                0x00104a28        0x4 c:/program files (x86)/analog devices/gnu toolchain/2011r1/elf/bin/../lib/gcc/bfin-elf/4.3.5/../../../../bfin-elf/lib\libm.a(lib_a-w_pow.o)
 .rodata.str1.4
                0x00104a2c        0x5 c:/program files (x86)/analog devices/gnu toolchain/2011r1/elf/bin/../lib/gcc/bfin-elf/4.3.5/../../../../bfin-elf/lib\libm.a(lib_a-w_sinh.o)
                                  0x8 (size before relaxing)
 *fill*         0x00104a31        0x3 00
 .rodata.str1.4
                0x00104a34        0x5 c:/program files (x86)/analog devices/gnu toolchain/2011r1/elf/bin/../lib/gcc/bfin-elf/4.3.5/../../../../bfin-elf/lib\libm.a(lib_a-w_sqrt.o)
                                  0x8 (size before relaxing)
 *fill*         0x00104a39        0x3 00
 .rodata        0x00104a3c       0x30 c:/program files (x86)/analog devices/gnu toolchain/2011r1/elf/bin/../lib/gcc/bfin-elf/4.3.5/../../../../bfin-elf/lib\libm.a(lib_a-e_exp.o)
 .rodata.str1.4
                0x00000000        0x4 c:/program files (x86)/analog devices/gnu toolchain/2011r1/elf/bin/../lib/gcc/bfin-elf/4.3.5/../../../../bfin-elf/lib\libm.a(lib_a-e_pow.o)
 .rodata        0x00104a6c       0x30 c:/program files (x86)/analog devices/gnu toolchain/2011r1/elf/bin/../lib/gcc/bfin-elf/4.3.5/../../../../bfin-elf/lib\libm.a(lib_a-e_pow.o)
 .rodata        0x00104a9c      0x188 c:/program files (x86)/analog devices/gnu toolchain/2011r1/elf/bin/../lib/gcc/bfin-elf/4.3.5/../../../../bfin-elf/lib\libm.a(lib_a-e_rem_pio2.o)
 .rodata        0x00104c24       0x50 c:/program files (x86)/analog devices/gnu toolchain/2011r1/elf/bin/../lib/gcc/bfin-elf/4.3.5/../../../../bfin-elf/lib\libm.a(lib_a-k_rem_pio2.o)
 .rodata        0x00104c74       0x10 c:/program files (x86)/analog devices/gnu toolchain/2011r1/elf/bin/../lib/gcc/bfin-elf/4.3.5/../../../../bfin-elf/lib\libm.a(lib_a-s_rint.o)
 .rodata        0x00104c84       0x40 c:/program files (x86)/analog devices/gnu toolchain/2011r1/elf/bin/../lib/gcc/bfin-elf/4.3.5\libgcc.a(divdf3.o)
 .rodata        0x00104cc4       0x40 c:/program files (x86)/analog devices/gnu toolchain/2011r1/elf/bin/../lib/gcc/bfin-elf/4.3.5\libgcc.a(muldf3.o)
 .rodata        0x00104d04      0x100 c:/program files (x86)/analog devices/gnu toolchain/2011r1/elf/bin/../lib/gcc/bfin-elf/4.3.5\libgcc.a(_clz.o)
                0x00104d04                __clz_tab
 .rodata.str1.4
                0x00104e04       0x3f c:/program files (x86)/analog devices/gnu toolchain/2011r1/elf/bin/../lib/gcc/bfin-elf/4.3.5/../../../../bfin-elf/lib\libc.a(lib_a-assert.o)
                                 0x44 (size before relaxing)
 .rodata        0x00104e43      0x281 c:/program files (x86)/analog devices/gnu toolchain/2011r1/elf/bin/../lib/gcc/bfin-elf/4.3.5/../../../../bfin-elf/lib\libc.a(lib_a-ctype_.o)
                0x00104e43                _ctype_
 .rodata        0x001050c4        0x4 c:/program files (x86)/analog devices/gnu toolchain/2011r1/elf/bin/../lib/gcc/bfin-elf/4.3.5/../../../../bfin-elf/lib\libc.a(lib_a-impure.o)
                0x001050c4                _global_impure_ptr
 .rodata.str1.4
                0x001050c8        0x2 c:/program files (x86)/analog devices/gnu toolchain/2011r1/elf/bin/../lib/gcc/bfin-elf/4.3.5/../../../../bfin-elf/lib\libc.a(lib_a-impure.o)
                                  0x4 (size before relaxing)
 .rodata.str1.4
                0x00000000        0x4 c:/program files (x86)/analog devices/gnu toolchain/2011r1/elf/bin/../lib/gcc/bfin-elf/4.3.5/../../../../bfin-elf/lib\libc.a(lib_a-puts.o)
 *fill*         0x001050ca        0x2 00
 .rodata.str1.4
                0x001050cc        0xf c:/program files (x86)/analog devices/gnu toolchain/2011r1/elf/bin/../lib/gcc/bfin-elf/4.3.5/../../../../bfin-elf/lib\libc.a(lib_a-strtod.o)
                                 0x10 (size before relaxing)
 *fill*         0x001050db        0x1 00
 .rodata        0x001050dc       0xfc c:/program files (x86)/analog devices/gnu toolchain/2011r1/elf/bin/../lib/gcc/bfin-elf/4.3.5/../../../../bfin-elf/lib\libc.a(lib_a-strtod.o)
 .rodata.str1.4
                0x001051d8       0x5a c:/program files (x86)/analog devices/gnu toolchain/2011r1/elf/bin/../lib/gcc/bfin-elf/4.3.5/../../../../bfin-elf/lib\libc.a(lib_a-svfprintf.o)
                                 0x60 (size before relaxing)
 *fill*         0x00105232        0x2 00
 .rodata        0x00105234      0x184 c:/program files (x86)/analog devices/gnu toolchain/2011r1/elf/bin/../lib/gcc/bfin-elf/4.3.5/../../../../bfin-elf/lib\libc.a(lib_a-svfprintf.o)
 .rodata.str1.4
                0x001053b8        0x5 c:/program files (x86)/analog devices/gnu toolchain/2011r1/elf/bin/../lib/gcc/bfin-elf/4.3.5/../../../../bfin-elf/lib\libc.a(lib_a-svfscanf.o)
                                  0x8 (size before relaxing)
 *fill*         0x001053bd        0x3 00
 .rodata        0x001053c0      0x490 c:/program files (x86)/analog devices/gnu toolchain/2011r1/elf/bin/../lib/gcc/bfin-elf/4.3.5/../../../../bfin-elf/lib\libc.a(lib_a-svfscanf.o)
 .rodata.str1.4
                0x00000000       0x4c c:/program files (x86)/analog devices/gnu toolchain/2011r1/elf/bin/../lib/gcc/bfin-elf/4.3.5/../../../../bfin-elf/lib\libc.a(lib_a-vfiprintf.o)
 .rodata        0x00105850      0x184 c:/program files (x86)/analog devices/gnu toolchain/2011r1/elf/bin/../lib/gcc/bfin-elf/4.3.5/../../../../bfin-elf/lib\libc.a(lib_a-vfiprintf.o)
 .rodata.str1.4
                0x00000000       0x60 c:/program files (x86)/analog devices/gnu toolchain/2011r1/elf/bin/../lib/gcc/bfin-elf/4.3.5/../../../../bfin-elf/lib\libc.a(lib_a-vfprintf.o)
 .rodata        0x001059d4      0x184 c:/program files (x86)/analog devices/gnu toolchain/2011r1/elf/bin/../lib/gcc/bfin-elf/4.3.5/../../../../bfin-elf/lib\libc.a(lib_a-vfprintf.o)
 .rodata.str1.4
                0x00105b58       0x10 c:/program files (x86)/analog devices/gnu toolchain/2011r1/elf/bin/../lib/gcc/bfin-elf/4.3.5/../../../../bfin-elf/lib\libc.a(lib_a-dtoa.o)
                                 0x14 (size before relaxing)
 .rodata        0x00105b68       0x18 c:/program files (x86)/analog devices/gnu toolchain/2011r1/elf/bin/../lib/gcc/bfin-elf/4.3.5/../../../../bfin-elf/lib\libc.a(lib_a-dtoa.o)
 .rodata.str1.4
                0x00105b80       0x1b c:/program files (x86)/analog devices/gnu toolchain/2011r1/elf/bin/../lib/gcc/bfin-elf/4.3.5/../../../../bfin-elf/lib\libc.a(lib_a-gdtoa-gethex.o)
                                 0x1c (size before relaxing)
 *fill*         0x00105b9b        0x1 00
 .rodata.str1.4
                0x00105b9c        0x8 c:/program files (x86)/analog devices/gnu toolchain/2011r1/elf/bin/../lib/gcc/bfin-elf/4.3.5/../../../../bfin-elf/lib\libc.a(lib_a-locale.o)
                                 0x14 (size before relaxing)
 .rodata.str1.4
                0x00000000        0x4 c:/program files (x86)/analog devices/gnu toolchain/2011r1/elf/bin/../lib/gcc/bfin-elf/4.3.5/../../../../bfin-elf/lib\libc.a(lib_a-mbrtowc.o)
 .rodata        0x00105ba4      0x124 c:/program files (x86)/analog devices/gnu toolchain/2011r1/elf/bin/../lib/gcc/bfin-elf/4.3.5/../../../../bfin-elf/lib\libc.a(lib_a-mprec.o)
                0x00105ba4                __mprec_tens
                0x00105c6c                __mprec_bigtens
                0x00105c94                __mprec_tinytens
 .rodata.str1.4
                0x00000000       0x4c c:/program files (x86)/analog devices/gnu toolchain/2011r1/elf/bin/../lib/gcc/bfin-elf/4.3.5/../../../../bfin-elf/lib\libc.a(lib_a-svfiprintf.o)
 .rodata        0x00105cc8      0x184 c:/program files (x86)/analog devices/gnu toolchain/2011r1/elf/bin/../lib/gcc/bfin-elf/4.3.5/../../../../bfin-elf/lib\libc.a(lib_a-svfiprintf.o)
 .rodata        0x00105e4c      0x340 c:/program files (x86)/analog devices/gnu toolchain/2011r1/elf/bin/../lib/gcc/bfin-elf/4.3.5/../../../../bfin-elf/lib\libc.a(lib_a-svfiscanf.o)

.picoc_rodata   0x0010618c        0x0
                0x0010618c                __picoc_rodata_start = .
 picoc*(.rodata .rodata.*)
                0x0010618c                __picoc_rodata_end = .

.eh_frame       0x0010618c      0x1f4
 *(.eh_frame)
 .eh_frame      0x0010618c        0x0 c:/program files (x86)/analog devices/gnu toolchain/2011r1/elf/bin/../lib/gcc/bfin-elf/4.3.5/crtbegin.o
 .eh_frame      0x0010618c       0x38 c:/program files (x86)/analog devices/gnu toolchain/2011r1/elf/bin/../lib/gcc/bfin-elf/4.3.5\libgcc.a(adddf3.o)
 .eh_frame      0x001061c4       0x2c c:/program files (x86)/analog devices/gnu toolchain/2011r1/elf/bin/../lib/gcc/bfin-elf/4.3.5\libgcc.a(divdf3.o)
                                 0x3c (size before relaxing)
 .eh_frame      0x001061f0       0x24 c:/program files (x86)/analog devices/gnu toolchain/2011r1/elf/bin/../lib/gcc/bfin-elf/4.3.5\libgcc.a(eqdf2.o)
                                 0x34 (size before relaxing)
 .eh_frame      0x00106214       0x24 c:/program files (x86)/analog devices/gnu toolchain/2011r1/elf/bin/../lib/gcc/bfin-elf/4.3.5\libgcc.a(gedf2.o)
                                 0x34 (size before relaxing)
 .eh_frame      0x00106238       0x24 c:/program files (x86)/analog devices/gnu toolchain/2011r1/elf/bin/../lib/gcc/bfin-elf/4.3.5\libgcc.a(ledf2.o)
                                 0x34 (size before relaxing)
 .eh_frame      0x0010625c       0x2c c:/program files (x86)/analog devices/gnu toolchain/2011r1/elf/bin/../lib/gcc/bfin-elf/4.3.5\libgcc.a(muldf3.o)
                                 0x3c (size before relaxing)
 .eh_frame      0x00106288       0x28 c:/program files (x86)/analog devices/gnu toolchain/2011r1/elf/bin/../lib/gcc/bfin-elf/4.3.5\libgcc.a(subdf3.o)
                                 0x38 (size before relaxing)
 .eh_frame      0x001062b0       0x20 c:/program files (x86)/analog devices/gnu toolchain/2011r1/elf/bin/../lib/gcc/bfin-elf/4.3.5\libgcc.a(fixdfsi.o)
                                 0x30 (size before relaxing)
 .eh_frame      0x001062d0       0x20 c:/program files (x86)/analog devices/gnu toolchain/2011r1/elf/bin/../lib/gcc/bfin-elf/4.3.5\libgcc.a(fixunsdfsi.o)
                                 0x30 (size before relaxing)
 .eh_frame      0x001062f0       0x24 c:/program files (x86)/analog devices/gnu toolchain/2011r1/elf/bin/../lib/gcc/bfin-elf/4.3.5\libgcc.a(floatsidf.o)
                                 0x34 (size before relaxing)
 .eh_frame      0x00106314       0x20 c:/program files (x86)/analog devices/gnu toolchain/2011r1/elf/bin/../lib/gcc/bfin-elf/4.3.5\libgcc.a(floatunsidf.o)
                                 0x30 (size before relaxing)
 .eh_frame      0x00106334       0x24 c:/program files (x86)/analog devices/gnu toolchain/2011r1/elf/bin/../lib/gcc/bfin-elf/4.3.5\libgcc.a(extendsfdf2.o)
                                 0x34 (size before relaxing)
 .eh_frame      0x00106358       0x24 c:/program files (x86)/analog devices/gnu toolchain/2011r1/elf/bin/../lib/gcc/bfin-elf/4.3.5\libgcc.a(truncdfsf2.o)
                                 0x34 (size before relaxing)